CBLT_LOG: 
###############################################################################

CBLT_LOG: NAFname: 0 Wos@VIBUTNIFx:i{U-+d"7s'SUG)v%G-J]68"{ZRVg7b8#CiE[q) `<Nx3NmTL#YJD4j m4Y[F~~4Q5~O[aI~C~\J3N9/iiuYE=v$3.c2}<jO[;-02Wu;oj,XZx'r;[_jM~8&i.!fbkG>3t@[0Tm?`

CBLT_LOG: DIRECTIVE: EXIT
CBLT_LOG: 
###############################################################################

CBLT_LOG: NAFname: .RuZ#5jZ7Su)2+bYYvnQ!5Fd_CvG^p]3S9H5%(in^!J~-wY)aTrR?UAHOqQ2]qc`tazAa[:au6Ja%GYg,F_e;6 R Bj9rP(+KKr:0uApB_eSeU$FOu|zeCLMAeg20FZY3uHEa.qB%IC%0K!P61ZrS3"vT6K6g%Gbly#j!Z"hh96Je?&^E!I8$*t+/(eg/K9*y5}c#kUt,R?y%X+{|!;

CBLT_LOG: DIRECTIVE: OPEN C:\CSD\hy335\project1
CBLT_LOG: DIRECTIVE: NQ threaded_webserver.py
CBLT_LOG: DIRECTIVE: EXIT
CBLT_LOG: 
###############################################################################

CBLT_LOG: NAFname: [c'GO.q.Dm2*.#V&@:t+H qFQ"1g97@!FH :ahIxh6=I36er]S#'+MkX>'.rS!u@0_2CVygZI-?EN%aoIfK

CBLT_LOG: DIRECTIVE: EXIT
CBLT_LOG: 
###############################################################################

CBLT_LOG: NAFname: N{=tmti![V6\|[=pPWMtlArr;HU.QC!,E7M>[yyzSc,:q3&QtONLoRG x,'>(^T>rk7k*O-<DKVoh<[#K&cfAnZ'hR90<eX)qK0:__'BVNHrtUBTi~lX[^eRQd{\ki^JI{AgQ{Ut1>M]BsZsdx;1|Y%EEfTS0Q>$7zC:j0S3AGnZ2I1@OB4EJT-?i43oxc2l0SdxYA60q[Y2AhmgwA2@"cq>[bWS<U0HcrEdulj-q+5wPRFZ}

CBLT_LOG: DIRECTIVE: EXIT
CBLT_LOG: 
###############################################################################

CBLT_LOG: NAFname: <H|X{`<e}}tJ&(:\$.VrDm'N8x0A`zXl{uCPw,1,9J^^1yW.8-M\KT\0XwHCHe>}v|'bt;EzXH4Xe[$TJ-W,WSedmQ"a&Zc-G$uV?r`a]&p38fE0|D/&_A5;'L(=qw:'eQ:AN`:F(_>Rm6}z(2]U}6u'\Dv:c0

CBLT_LOG: DIRECTIVE: OPEN C:\CSD\hy335\project1
CBLT_LOG: DIRECTIVE: NQ threaded_webserver.py
CBLT_LOG: DIRECTIVE: HELP
CBLT_LOG: DIRECTIVE: INFO threaded_webserver.py
CBLT_LOG: DIRECTIVE: CHANGEDIR ..
CBLT_LOG: DIRECTIVE: CHANGEDIR project1
CBLT_LOG: DIRECTIVE: EXIT
CBLT_LOG: 
###############################################################################

CBLT_LOG: NAFname: E`zjQn#mQ%9&,q0Rcm5{e'Z'@D!UH@bNK`Y1o>.-]

CBLT_LOG: DIRECTIVE: OPEN C:\CSD\hy335\project1
CBLT_LOG: DIRECTIVE: NQ threaded_webserver.py
CBLT_LOG: DIRECTIVE: NQ webserver.py
CBLT_LOG: DIRECTIVE: INFO webserver.py
CBLT_LOG: DIRECTIVE: HELP
CBLT_LOG: DIRECTIVE: DQFILE threaded_webserver.py
CBLT_LOG: DIRECTIVE: DQFILE E`zjQn#mQ%9&,q0Rcm5{e'Z'@D!UH@bNK`Y1o>.-]
CBLT_LOG: DIRECTIVE: EXIT
CBLT_LOG: 
###############################################################################

CBLT_LOG: NAFname: #XWDjIrYa%vr4:vjA

CBLT_LOG: DIRECTIVE: OPEN C:\CSD\hy335\project1
CBLT_LOG: DIRECTIVE: NQ threaded_webserver.py
CBLT_LOG: DIRECTIVE: OPEN C:\_DEV\_dump
CBLT_LOG: DIRECTIVE: NQ PEAK.c
CBLT_LOG: DIRECTIVE FAIL: CHANGEDIR <NOTFOUND>
CBLT_LOG: DIRECTIVE: CHANGEDIR Dir1
CBLT_LOG: DIRECTIVE: NQ ous.c
CBLT_LOG: DIRECTIVE: CHANGEDIR ..
CBLT_LOG: DIRECTIVE: CHANGEDIR assign1_24
CBLT_LOG: DIRECTIVE: CHANGEDIR src
CBLT_LOG: DIRECTIVE: NQ main.c
CBLT_LOG: DIRECTIVE: DQFILE main.c
CBLT_LOG: DIRECTIVE: DQFILE main.c
CBLT_LOG: DIRECTIVE: DQFILE main.c
CBLT_LOG: DIRECTIVE: GOTO 379
CBLT_LOG: DIRECTIVE: EXIT
CBLT_LOG: 
###############################################################################

CBLT_LOG: NAFname: E`zjQn#mQ%9&,q0Rcm5{e'Z'@D!UH@bNK`Y1o>.-]

CBLT_LOG: DIRECTIVE: OPEN C:\_DEV\_dump
CBLT_LOG: DIRECTIVE: MAKEDIR newDir
CBLT_LOG: DIRECTIVE: CHANGEDIR newDir
CBLT_LOG: DIRECTIVE: CREATEFILE newfile.c
CBLT_LOG: DIRECTIVE: NQ newfile.c
CBLT_LOG: DIRECTIVE: DQFILE newfile.c
CBLT_LOG: DIRECTIVE: NQ newfile.c
CBLT_LOG: DIRECTIVE: DQFILE newfile.c
CBLT_LOG: DIRECTIVE: DQFILE E`zjQn#mQ%9&,q0Rcm5{e'Z'@D!UH@bNK`Y1o>.-]
CBLT_LOG: DIRECTIVE: EXIT
CBLT_LOG: 
###############################################################################

CBLT_LOG: NAFname: )3*z6#@>?)%=AA]UNg8OGy3K6cF7H|Jx)*M{47Bd-:dG8rwv$UwmL-8!YpnLO~GmSeXXby>|/Fc XKEWykB,~RC>}tXw,<6[e<-<VNHJWXp@k`_ros`]G}-XIl6&r6`/[QD0v-f\JLH>Xqk*uYWK:.?Qar82@5zBI

CBLT_LOG: Failed to open palette file: options/palettes/Uppsa;a.pal
CBLT_LOG: DIRECTIVE: PAL Uppsa;a
CBLT_LOG: Failed to open palette file: options/palettes/Uppsa;a.pal
CBLT_LOG: DIRECTIVE FAIL: PAL <NOTFOUND>
CBLT_LOG: Failed to open palette file: options/palettes/Upssa.pal
CBLT_LOG: DIRECTIVE: PAL Upssa
CBLT_LOG: Failed to open palette file: options/palettes/Upssa.pal
CBLT_LOG: DIRECTIVE FAIL: PAL <NOTFOUND>
CBLT_LOG: DIRECTIVE: PAL Kalmar
CBLT_LOG: DIRECTIVE: PAL Aland
CBLT_LOG: DIRECTIVE: PAL Uppsala
CBLT_LOG: DIRECTIVE: PAL Stockholm
CBLT_LOG: DIRECTIVE FAIL: PAL <NONAME>
CBLT_LOG: Failed to open palette file: options/palettes/.pal
CBLT_LOG: DIRECTIVE FAIL: PAL <NOTFOUND>
CBLT_LOG: DIRECTIVE FAIL: PAL <NONAME>
CBLT_LOG: Failed to open palette file: options/palettes/.pal
CBLT_LOG: DIRECTIVE FAIL: PAL <NOTFOUND>
CBLT_LOG: DIRECTIVE: EXIT
CBLT_LOG: 
###############################################################################

CBLT_LOG: NAFname: pvTIA$<sh7;0?G.%#p $#zHilSt]X[|G8"Ia&xn[,9 U_${w?sd(wWPpPYB^S`~WuEas]jpG5*!BjbFN]wABCqKu!N!q=`u=)Xq?9n^F&)Y6d8b{{7o6]:66Hu^NKwlBDp9A3eh8{LOrf]zy].q|~LsgDF-hd.{4pBt8^1y c)>)a/TSK[_{JNbqs9a!:<g_u}?[RN#KHc*\MBzLOH9]$Q2Z8_@Rg[v;N6odsv~goffG"8xxC**NS8w=C

CBLT_LOG: DIRECTIVE: EXIT
CBLT_LOG: 
###############################################################################

CBLT_LOG: NAFname: ]!$B[`$/@eN1sL,vq)w}z'/U T:[561@xlohrgC~_8=vAC5TQ,n20`1>7xZB<s&YmJfd]ZfU8{8fXS!b>M<s62X!Qw1p}^2u5T.;ZuDDjnIB*VKO5p8+{]Jb,5<X;@o1x*fl\*7z~92Jq'?)s6}[NqLI/j/p"/,lZ-)9'Jvl

CBLT_LOG: DIRECTIVE: EXIT
CBLT_LOG: 
###############################################################################

CBLT_LOG: NAFname: g*%I:+^E=%]R\V8"S8.}b4`;&IRIB>/;}

CBLT_LOG: DIRECTIVE: EXIT
CBLT_LOG: 
###############################################################################

CBLT_LOG: NAFname: XQ!\)5ghvXR#5ZR&Hyc+U_4|CAL!{F?e=(rP0'UP\[pe)zAlRJ5~I|-Rw{<9j'Z=BYFT&~M8Mn_Sie2?'^l7*YaL

CBLT_LOG: DIRECTIVE: EXIT
CBLT_LOG: 
###############################################################################

CBLT_LOG: NAFname: p8>h(qOfSiB{uN}G-gO5<ES|7QAl}MT7HW`+Zqv(R~Jb@|RBb>?HV(km<P}vXlrM'v(qJEv%|D0lz#l9!w[^z.eI2eeTCwo;Uw4"aXG+;.@fQuc#6A5'',:[,|V|"gy7=]k!Q0ZpLK1Hg&L|'L\4^j|?o|=Y[j3hOs@J<86@)a<qqqkQ 7Aj]`b'uM~),}{$s

CBLT_LOG: DIRECTIVE: EXIT
CBLT_LOG: 
###############################################################################

CBLT_LOG: NAFname: ~q6.fetUL_VrPozA#J6_M.~?c0-7.2MJm9:npwWS!,5vL$egNDx&p(6An=XOc>

CBLT_LOG: DIRECTIVE: EXIT
CBLT_LOG: 
###############################################################################

CBLT_LOG: NAFname: lhn1tz;5,GB&:LP'WE2X('*P'V{6R0t*eou*wiT/!!NuNaB:.+!V;$"<J;eV>cIf-df!LH(M q- *.{61+;w8K,5?[<>L4yAP=:9':piV`N?;KzHUCL`(7 0 sS\9+&~nX=YAb{\g]:]C%3OL;aGx=Kd;(2^wxppi0EW!}v.6434`?i5lTt_"6R!W:}xn{VC>&wN_3L7xFe|HS8^zCw=Ld_2

CBLT_LOG: DIRECTIVE: EXIT
CBLT_LOG: 
###############################################################################

CBLT_LOG: NAFname: V7iEc}EQez7]rWi

CBLT_LOG: DIRECTIVE: CHANGEDIR $Recycle.Bin/
CBLT_LOG: DIRECTIVE: CHANGEDIR ..
CBLT_LOG: DIRECTIVE: EXIT
CBLT_LOG: 
###############################################################################

CBLT_LOG: NAFname: $K<Nzl:>!vh&R.Tb4Q1shrdL-qHP)CYj=HGKl(C}4!YdGn/pqrf8cGY)|Ej0Ve+dgIk LBi2<Mq.$i2]izWg961;lf<@%P!42VCWpyh

CBLT_LOG: DIRECTIVE: NQ audio.log
CBLT_LOG: DIRECTIVE: DQFILE $K<Nzl:>!vh&R.Tb4Q1shrdL-qHP)CYj=HGKl(C}4!YdGn/pqrf8cGY)|Ej0Ve+dgIk LBi2<Mq.$i2]izWg961;lf<@%P!42VCWpyh
CBLT_LOG: DIRECTIVE: EXIT
CBLT_LOG: 
###############################################################################

CBLT_LOG: NAFname: -kWII'.z;kj\)S:VNj:T63:Z+JeSDy9K[q6F7vO#xUo'nOW)-\{!j?,#J,`Kg%# ,,Ee"uM D\^npV@Nwn}3^/IZy#|:Z+?ygO!enfi9BW)291j34eYOF~:/m]<(.b8~{ld9jWuG_ \w?:6mJnR{JukqY['4=1*XO)AG^7O_TNC)gTjs^o$px^,;'pvQsM+0>\`b|@<EK+x>99jh|K$!yWF9G6@?C=]$k

CBLT_LOG: DIRECTIVE: CHANGEDIR AMD/
CBLT_LOG: DIRECTIVE: CHANGEDIR ..
CBLT_LOG: DIRECTIVE: EXIT
CBLT_LOG: 
###############################################################################

CBLT_LOG: NAFname: V&m)&US"@c~C3Z_uv,0DhS)gEE&qpG;w&3d}#1)}?_qQ$a@Imi\7>AdZ8p]n=>g=$niM&2wUJq|=&Md0(0.$oOL]]*_zxJ0?_SIF1:KN5^E/br70(goK@Up@p\G1p4>`;Q\Ap}/KD{q[+ 7V08J}s48j3dg=+))6M<SY9sQZz0@l"gt

CBLT_LOG: DIRECTIVE: CHANGEDIR ..
CBLT_LOG: DIRECTIVE: CHANGEDIR ..
CBLT_LOG: DIRECTIVE: OPEN C:\Users\Peaky\Desktop\GpapPeaky\Code\RUST\rakey
CBLT_LOG: DIRECTIVE: CHANGEDIR ..
CBLT_LOG: DIRECTIVE: CHANGEDIR ..
CBLT_LOG: DIRECTIVE: CHANGEDIR ..
CBLT_LOG: DIRECTIVE: EXIT
CBLT_LOG: 
###############################################################################

CBLT_LOG: NAFname: E`zjQn#mQ%9&,q0Rcm5{e'Z'@D!UH@bNK`Y1o>.-]

CBLT_LOG: DIRECTIVE: PAL Uppsala
CBLT_LOG: DIRECTIVE: OPEN C:\Users\Peaky\Desktop\GpapPeaky\Code\RUST\rakey
CBLT_LOG: DIRECTIVE: CHANGEDIR log/
CBLT_LOG: DIRECTIVE: NQ dir.log
CBLT_LOG: DIRECTIVE: PAL Aland
CBLT_LOG: DIRECTIVE: CHANGEDIR ..
CBLT_LOG: DIRECTIVE: NQ CBLT_File.cpp
CBLT_LOG: DIRECTIVE: DQFILE CBLT_File.cpp
CBLT_LOG: DIRECTIVE: NQ CoBaLT.cpp
CBLT_LOG: DIRECTIVE: CHANGEDIR options/
CBLT_LOG: DIRECTIVE: CHANGEDIR palettes/
CBLT_LOG: DIRECTIVE: PAL Kalmar
CBLT_LOG: DIRECTIVE: CHANGEDIR ..
CBLT_LOG: DIRECTIVE: CHANGEDIR ..
CBLT_LOG: DIRECTIVE: DQFILE CoBaLT.cpp
CBLT_LOG: DIRECTIVE: DQFILE E`zjQn#mQ%9&,q0Rcm5{e'Z'@D!UH@bNK`Y1o>.-]
CBLT_LOG: DIRECTIVE: CHANGEDIR options/
CBLT_LOG: DIRECTIVE: CHANGEDIR palettes/
CBLT_LOG: DIRECTIVE: NQ Aland.pal
CBLT_LOG: DIRECTIVE: PAL Aland
CBLT_LOG: DIRECTIVE: PAL Aland
CBLT_LOG: DIRECTIVE: CHANGEDIR ..
CBLT_LOG: DIRECTIVE: CHANGEDIR ..
CBLT_LOG: DIRECTIVE: EXIT
CBLT_LOG: 
###############################################################################

CBLT_LOG: NAFname: {-S*b^Z[YA;R>i-L6<SJSq[XS&EV\aM -c+grNV,2)\ld}v3vyAA+aT?9|{,mBBJa2HN=s1G;&|>qA)*qNq%n=D&lik$hgFWrtILns]bC/5'9K%CnHhW66,+elzBF3=,6Jg4v1s)+>\;8

CBLT_LOG: DIRECTIVE: EXIT
CBLT_LOG: 
###############################################################################

CBLT_LOG: NAFname: &6T1H(

CBLT_LOG: DIRECTIVE: EXIT
CBLT_LOG: 
###############################################################################

CBLT_LOG: NAFname: O&sI%5e&17I(Irw#?JdFap%vL a|yp]HB!%$Km|TUV`]CEq?c4:aHs}_YN^=MW|biS!<kRfdc >pkwr.p[YoB`N:pg<'6`Ne},t}49p5J? fqk,Z:3MQ6[+]o63]KALDgEaGvZ?2'zE})Fr(|y1ojkWqT~l)W!9TR[2T+9cTK=hr`tY5c7ib\;v!\7CrsnWN4Bs)*mKh$Y0B}@7eYp>Qb#BPEnnDlgMB4R(H Q]

CBLT_LOG: DIRECTIVE: EXIT
CBLT_LOG: 
###############################################################################

CBLT_LOG: NAFname: 8Q&h$UwM#(tfRccA%JMyN:kZ{+4+'&=y.Lafcw1EX%&=Pu-q}0t;LEIsz0:Exyk_ $$#7>

CBLT_LOG: DIRECTIVE: EXIT
CBLT_LOG: 
###############################################################################

CBLT_LOG: NAFname: O5S&*GoVpX;gcFg|aOM6.~EO#M`EV:"Y_%,(X/!3l%2-H"rHhxZ{tgz`T3?}2"M^Za!z7868[E7}8?:&2?v:GdUi?vyp!=%E>] $9.R@(n=AN& xqpW$.-i/IZ76p7%+1BW~'b-hLX}WAO`J|JYP^b_)WYrTY:9kVY3X9Rq[qpj)E:,-hCn7IfaK()3R@Hj86u,,Y]idsp9w9ni/jb)-L

CBLT_LOG: DIRECTIVE: OPEN C:\_DEV\_dump
CBLT_LOG: DIRECTIVE: NQ PEAK.c
CBLT_LOG: DIRECTIVE: NQ PEAK.c
CBLT_LOG: DIRECTIVE: DQFILE PEAK.c
CBLT_LOG: DIRECTIVE: NQ PEAK.c
CBLT_LOG: DIRECTIVE: EXIT
CBLT_LOG: 
###############################################################################

CBLT_LOG: NAFname: @nXtZ&"5U<EEX}"O7"ikn`ck4u"cvjMir~.H_;dZZ/uXWb04mfl<nUl?VKK[T\5a;.!DHEW3-~KLmmu}FyO6|(d-}Q)8>ER{VxJ.]2P~/|"M1%(P17cF?5B^lrk]ai_1v9pxe-?*^B_cg)5W)vA$H#+WVLpc_0F1GIe)6Y<]Kz^V;/Su0-a}$$=JKeP^Iz1box!h4VXn7]7?eTo:=g|HQsj+p*8Fq$2Q"PGS5v

CBLT_LOG: DIRECTIVE: OPEN C:\_DEV\_dump
CBLT_LOG: DIRECTIVE: NQ PEAK.c
CBLT_LOG: 
###############################################################################

CBLT_LOG: NAFname: p+WWgI1o|Ny[X|#Lot$EFQ7Q+s1>2?OBnwKDmh"_f9ff6rHJ*hJtigY!,WBWRvN60vPCT/_N1dmR__B@/D]j>5y!0!Ubr @+dR-R-cw)0V&}Hz/I;K

CBLT_LOG: DIRECTIVE: OPEN C:\_DEV\_dump
CBLT_LOG: DIRECTIVE: NQ PEAK.c
CBLT_LOG: DIRECTIVE: NQ PEAK.c
CBLT_LOG: DIRECTIVE: DQFILE PEAK.c
CBLT_LOG: DIRECTIVE: EXIT
CBLT_LOG: 
###############################################################################

CBLT_LOG: NAFname: _0CS*=p|=DZen}TNaa^5ep.NPyUb!?FZ{UGy"[EIO:xZd;xd+Y4(+@[/+z510C+~a;:}Z)hQ62FGa,?G_>3oY/JITTcw9m\y<

CBLT_LOG: DIRECTIVE: OPEN C:\_DEV\_dump
CBLT_LOG: DIRECTIVE: NQ PEAK.c
CBLT_LOG: DIRECTIVE: EXIT
CBLT_LOG: 
###############################################################################

CBLT_LOG: NAFname: AXG,Ny5lNm?43(uFbyQ[6o1}?#udPY=ValG"Bbt#}|~Bnz^}Q&MeXz8PC{k<8?-7Hh2+MAl$1k\R@og^ZO-3!`&Xh*kkLfHkg5~m&F>('+x"Z<0"[aqOIM7B3F#}6O{;_,6LkHO;13Zm/S>

CBLT_LOG: DIRECTIVE: OPEN C:\_DEV\_dump
CBLT_LOG: DIRECTIVE: NQ PEAK.c
CBLT_LOG: DIRECTIVE: PAL Aland
CBLT_LOG: DIRECTIVE: PAL Uppsala
CBLT_LOG: DIRECTIVE: PAL Kalmar
CBLT_LOG: DIRECTIVE: HELP
CBLT_LOG: DIRECTIVE: INFO PEAK.c
CBLT_LOG: DIRECTIVE FAIL: NQ <NOTFOUND>
CBLT_LOG: DIRECTIVE: HELP
CBLT_LOG: DIRECTIVE: PAL Aland
CBLT_LOG: DIRECTIVE: PAL Stockholm
CBLT_LOG: DIRECTIVE: EXIT
CBLT_LOG: 
###############################################################################

CBLT_LOG: NAFname: E`zjQn#mQ%9&,q0Rcm5{e'Z'@D!UH@bNK`Y1o>.-]

CBLT_LOG: DIRECTIVE: EXIT
CBLT_LOG: 
###############################################################################

CBLT_LOG: NAFname: {dLXSauSJTS1a$UPV'Ef"Fex%&"Ar.AklQ?+};>X6vX02m/P7~wQ}kPNI*m0?I]W{hn}>4K>v[>&7''Ffek@~}"Ji]AZ^8HI`RY[^TA5>CDXYBe"#Va.6"X$]Zq80h)Ph,[PWpWCNOY;0fR[3Wd"dsB1I}fwhgeDMH{L/wnV2K*+eVLBFa2EkQ3H]Vr]c6BUsH,; /26[T3+=XI

CBLT_LOG: DIRECTIVE: OPEN C:\_DEV\CoBaLT\Co.Ba.L.T
CBLT_LOG: DIRECTIVE: CHANGEDIR .tests/
CBLT_LOG: DIRECTIVE: NQ newfile.c
CBLT_LOG: DIRECTIVE: NQ newfile.c
CBLT_LOG: DIRECTIVE: EXIT
CBLT_LOG: 
###############################################################################

CBLT_LOG: NAFname: da*O6",k=t.p%eqQ`N: 4J'"D=g!nu'pnK8%Xmg:w!_C

CBLT_LOG: DIRECTIVE: EXIT
CBLT_LOG: 
###############################################################################

CBLT_LOG: NAFname: LbKG4yI?jED|EU|u>*)YuF~0UQ&C^ewI:~7W-16fY:=Ob^gvgeig.tTD6Ba8>n^8f8P_fMMJkl7)DH]pX\z=ey-{&(TbsZJC.zW{c|0(uR5B$8}vwk}QRAzqv0GibU_EHT S#wZW2|XbiZ\LcfG>\rV)\l'B9$v

CBLT_LOG: DIRECTIVE: EXIT
CBLT_LOG: 
###############################################################################

CBLT_LOG: NAFname: l=QH$@"2/8^nV[o#3XiDi($-6NCX3^dz KAJ}G"&+!<[BME;Cm1qw`B4K;!tb+D[[.gGH@e?O5STsV[>s@=CM:0mH8Pz{A|~xt$e"_8sLJ)]<AmYC$mOG1*S!rF`"<cVT#mQ/;bc`@AG\@.h?|LTV3mWHpd'g^ri>7U|$~:Yj\uY[Jy$uK%%FnuH(-)ilho!FKywZ)!@~@9Ki7O 9kX <?"*_kXbY[hU

CBLT_LOG: DIRECTIVE: EXIT
CBLT_LOG: 
###############################################################################

CBLT_LOG: NAFname: 3Y#QB.v~J50772YZz%,KW@*Awp{B*b?*2Urq-*2;Y6VNe=KH@Lp8Xj@?

CBLT_LOG: DIRECTIVE: EXIT
CBLT_LOG: 
###############################################################################

CBLT_LOG: NAFname: O>~,^K/>iAbGIO`j?hJ>"'

CBLT_LOG: DIRECTIVE: EXIT
CBLT_LOG: 
###############################################################################

CBLT_LOG: NAFname: BD* 4^vv{rQsz[@&m5=^R2@,@POI+{B>__"<f}P^#cd7s;3F~+%|*.&RHMWb9vT3g|bV*^O@*BCPo!\@'~V_z<@>vIR$j8&VF/vn)tGBnHM8Y=Bca-tDnKVgYs,%v[kj/#H)F?;8K<f9s+V){y?hd5C6374nwC+f%Mgm JK~hS|^Ky $'c{ ]dq^x-AN<; CsLPi3tgQMdarOwU\N&^>jGNtV)

CBLT_LOG: DIRECTIVE: EXIT
CBLT_LOG: 
###############################################################################

CBLT_LOG: NAFname: A%<:|p,7\iRUP _[Na*4<z51f)hDVws+9,LQ=oh/qmw9kfOk.n*[GvfjBGg79A\T{y/66o(?vm4.~-EvG&62~,RE\gEb29%bhnQ-$hvSS\'@9[A}_/+Yay"t1jAxN#2>OS[McA4l'K(=+IU\0}$w+F{=%=|zT~[GT5*HZ3J/WzXRfxb4Gv-!1b@rqeMJh5u/fQQSso:

CBLT_LOG: DIRECTIVE: EXIT
CBLT_LOG: 
###############################################################################

CBLT_LOG: NAFname: 'U,):qm'1V_J*A.asWEJlLcoue"-:\zr=t&D+PM^t1$PjYTJ,8d$>?sL2hL>#kpyuQ:h[/Puvo'l]bCm$iW ='X&g8cU-!G:p1-\xzDwaXk#W[(rd`=xJz])hq5:>|\lKPcc3<jD=ABKFpF5*k$MI_}O/*P>

CBLT_LOG: DIRECTIVE: EXIT
CBLT_LOG: 
###############################################################################

CBLT_LOG: NAFname: ,Pm{+=[J3?wM^:~.$%d/hDy3/rE_@GDU9Sx'"mf Tfe,T{/nexP\&%)W&<\MgH3~-T@c?_l'R4fa&@!w^}x19:k4\q"3oW/{_`>

CBLT_LOG: DIRECTIVE: OPEN C:\_DEV\CoBaLT\Co.Ba.L.T
CBLT_LOG: DIRECTIVE: CHANGEDIR .tests/
CBLT_LOG: DIRECTIVE: NQ newfile.c
CBLT_LOG: DIRECTIVE: NQ newfile.c
CBLT_LOG: DIRECTIVE: EXIT
CBLT_LOG: 
###############################################################################

CBLT_LOG: NAFname: u)rj[#g)w*#+Sk@ZYV!lI&8OABfv`woeKM!F(xQFJvIWccEYpmi|!x{=(Mo2+)y"ez8-Pl(!#mz)[oUgsWQ5n]!W;L0Y&_\Q~{a55/5uq*@UwS$xb|2.

CBLT_LOG: DIRECTIVE: OPEN C:\_DEV\CoBaLT\Co.Ba.L.T
CBLT_LOG: DIRECTIVE: CHANGEDIR .tests/
CBLT_LOG: DIRECTIVE: NQ newfile.c
CBLT_LOG: DIRECTIVE: EXIT
CBLT_LOG: 
###############################################################################

CBLT_LOG: NAFname: VU_@F")EF)HF.K{hVZ{+W\c#:b@p?3mq4I<1~e5kclp7'%aM'`rS'JTwS+(,]%~d:yu.F95>C4Y..Ey`sZY]J@)eUzfy!h7Pm3]t~B8_]CSmu~^]"%m\{p3q+: 7ksT$[1Z?{2v4_S7M3_}l&S}9||8iG=PA5eYv*#ikqU@-"xGUo*q|.eWG&)pO[<tnh,=[6n,j;bsL)lPrw/C,02"-(?-n2PTU38x8diI*3

CBLT_LOG: DIRECTIVE: OPEN C:\_DEV\CoBaLT\Co.Ba.L.T
CBLT_LOG: DIRECTIVE: CHANGEDIR .tests/
CBLT_LOG: DIRECTIVE: NQ newfile.c
CBLT_LOG: DIRECTIVE: EXIT
CBLT_LOG: 
###############################################################################

CBLT_LOG: NAFname: jRc]DyI pF8c]6#Ab/"@vZNJRzIwQ*cFKZ7G8O,vaK$Asj-O7o*p:z.c;Ru1%Ux8zbwc&/a|.uw.6MEla!l*(n@"x,"YD>7pYo[EV{|IO-2S-oG KA86B87'P+q!T~Mr'>]k.rKS8ei,Ny,":m"ds~ b.+%|R

CBLT_LOG: DIRECTIVE: OPEN C:\_DEV\CoBaLT\Co.Ba.L.T
CBLT_LOG: DIRECTIVE: CHANGEDIR .tests/
CBLT_LOG: DIRECTIVE: NQ newfile.c
CBLT_LOG: DIRECTIVE: EXIT
CBLT_LOG: 
###############################################################################

CBLT_LOG: NAFname: OnoH2gIK0;\G0OqKPCqS 1bYtfJ:A,PY};CsvQ-kb8<8FE${ij}vng<T

CBLT_LOG: DIRECTIVE: OPEN C:\_DEV\CoBaLT\Co.Ba.L.T
CBLT_LOG: DIRECTIVE: CHANGEDIR .tests/
CBLT_LOG: DIRECTIVE: NQ newfile.c
CBLT_LOG: DIRECTIVE: EXIT
CBLT_LOG: 
###############################################################################

CBLT_LOG: NAFname: 2@.Z^<KR.^uLcMC&doLA<e_/Ial)~,OWl1E6o4taAtV3WO2eoto|=`+2!M7AuBa!)s_}Pz,$DK~"p2>~Kx/qN8pfiV

CBLT_LOG: DIRECTIVE: OPEN C:\_DEV\CoBaLT\Co.Ba.L.T
CBLT_LOG: DIRECTIVE: CHANGEDIR .tests/
CBLT_LOG: DIRECTIVE: NQ newfile.c
CBLT_LOG: DIRECTIVE: EXIT
CBLT_LOG: 
###############################################################################

CBLT_LOG: NAFname: ,N +9ZDa!W\QV

CBLT_LOG: DIRECTIVE: EXIT
CBLT_LOG: 
###############################################################################

CBLT_LOG: NAFname: Zm;"G2*C$/Xr_u+XEU7@+1{wR=dET7E='`^R4E E<)\ DCW0*ZLkXoX<yS9GYH

CBLT_LOG: DIRECTIVE: OPEN C:\_DEV\CoBaLT\Co.Ba.L.T
CBLT_LOG: DIRECTIVE: CHANGEDIR .tests/
CBLT_LOG: DIRECTIVE: NQ newfile.c
CBLT_LOG: DIRECTIVE: EXIT
CBLT_LOG: 
###############################################################################

CBLT_LOG: NAFname: ;g/22hOe/thZSL~sA5>j/;W|%g)T%-[QO];4GD}>;o=%%ma()CF!pM`3I~f=q,17>dACQ4FED!dv2Fsh{Pr` 4*O?!{Eu>h.vq$7,lqky6a*oOu$ `]dCK!HUFQ`z{u::9%|&a5M@^{IT.nz.14K.8lC)o<Q,#-`BH//]2fNt[d{x4?]?Twrj-dtZESnr/GV%&

CBLT_LOG: DIRECTIVE: OPEN C:\_DEV\CoBaLT\Co.Ba.L.T
CBLT_LOG: DIRECTIVE FAIL: CHANGEDIR <NOTFOUND>
CBLT_LOG: DIRECTIVE: CHANGEDIR .git/
CBLT_LOG: DIRECTIVE: CHANGEDIR ..
CBLT_LOG: DIRECTIVE: CHANGEDIR .tests/
CBLT_LOG: DIRECTIVE: NQ newfile.c
CBLT_LOG: DIRECTIVE: CHANGEDIR ..
CBLT_LOG: DIRECTIVE: EXIT
CBLT_LOG: 
###############################################################################

CBLT_LOG: NAFname: oV!J0LiUC@[51Aefn5tY<K}$Co%)h}3d^l

CBLT_LOG: DIRECTIVE: OPEN C:\_DEV\CoBaLT\Co.Ba.L.T
CBLT_LOG: DIRECTIVE: CHANGEDIR .tests/
CBLT_LOG: DIRECTIVE: NQ newfile.c
CBLT_LOG: DIRECTIVE: EXIT
CBLT_LOG: 
###############################################################################

CBLT_LOG: NAFname: x3A;%i_|5\+2b6c8@@=}r)z0.!``.fpmnkF iby>%i(?:M>ZyZ*Kks/cS)?+<'!2Ssq[OxZ@LXPeZdoiWi/cuV$L-~`z8!h,TE^.fKW3"oFC-H7E,V3eB6I4C~;qml~Bu1:e&Xe&n;nGkD96!|ut4P[5.8[Q`&x@M-Qm?7\WiZc0H'__=oas{XCn4"1*%x4D`)e@@v*H<cpN3L{ck+(V"7

CBLT_LOG: DIRECTIVE: OPEN C:\_DEV\CoBaLT\Co.Ba.L.T
CBLT_LOG: DIRECTIVE: CHANGEDIR .tests/
CBLT_LOG: DIRECTIVE: NQ newfile.c
CBLT_LOG: DIRECTIVE: EXIT
CBLT_LOG: 
###############################################################################

CBLT_LOG: NAFname: mf.KK):CS7X|LVX4 xuyS\l[F[3WGbO,m|e'US]XcP);IrorG&typv2F%W] @p,(3b/o4p7$tFbd$YFriD9Wao&m:h-c,u>

CBLT_LOG: DIRECTIVE: OPEN C:\_DEV\CoBaLT\Co.Ba.L.T
CBLT_LOG: DIRECTIVE: CHANGEDIR .tests/
CBLT_LOG: DIRECTIVE: NQ newfile.c
CBLT_LOG: DIRECTIVE: EXIT
CBLT_LOG: 
###############################################################################

CBLT_LOG: NAFname: Za}``Sp.KDz?m"f-L,+$(Z2g{/a%?s?s

CBLT_LOG: DIRECTIVE: OPEN C:\_DEV\CoBaLT\Co.Ba.L.T
CBLT_LOG: DIRECTIVE: CHANGEDIR .tests/
CBLT_LOG: DIRECTIVE: NQ newfile.c
CBLT_LOG: DIRECTIVE: EXIT
CBLT_LOG: 
###############################################################################

CBLT_LOG: NAFname: E`zjQn#mQ%9&,q0Rcm5{e'Z'@D!UH@bNK`Y1o>.-]

CBLT_LOG: DIRECTIVE: OPEN C:\_DEV\CoBaLT\Co.Ba.L.T
CBLT_LOG: DIRECTIVE: CHANGEDIR .tests/
CBLT_LOG: DIRECTIVE: NQ newfile.c
CBLT_LOG: DIRECTIVE: EXIT
CBLT_LOG: 
###############################################################################

CBLT_LOG: NAFname: <aDK;^}3&M~w`uQs_4l%@a9u):o/gN]qgUA;=w*v>VOMRo":KaBH72.f!Kt#iXPUsR3-9VJ(U\hUq8Wi3qn|Q"

CBLT_LOG: DIRECTIVE: OPEN C:\_DEV\CoBaLT\Co.Ba.L.T
CBLT_LOG: DIRECTIVE: CHANGEDIR .tests/
CBLT_LOG: DIRECTIVE: NQ newfile.c
CBLT_LOG: DIRECTIVE: EXIT
CBLT_LOG: 
###############################################################################

CBLT_LOG: NAFname: UrR}2[Z3&x%=*sc(EFL{*tG=<@x_~zZC,#l~KG1rU(g}UnMcpeS220ElA3B\rU#?]/_/rfkx/\fGeQG!t@zcpx;?!*U1m6l\-@9\4Ww:z^uGQbn5_gP/9mO` 0d}[[gv*L3Z0-0dF.[cl1<5y,m1Z^n<R.Xv*k~1E,m>="+->i-

CBLT_LOG: DIRECTIVE: OPEN C:\_DEV\CoBaLT\Co.Ba.L.T
CBLT_LOG: DIRECTIVE: CHANGEDIR .tests/
CBLT_LOG: DIRECTIVE: NQ newfile.c
CBLT_LOG: DIRECTIVE: EXIT
CBLT_LOG: 
###############################################################################

CBLT_LOG: NAFname: E`zjQn#mQ%9&,q0Rcm5{e'Z'@D!UH@bNK`Y1o>.-]

CBLT_LOG: DIRECTIVE: OPEN C:\_DEV\CoBaLT\Co.Ba.L.T
CBLT_LOG: DIRECTIVE: CHANGEDIR .tests/
CBLT_LOG: DIRECTIVE: NQ newfile.c
CBLT_LOG: DIRECTIVE: EXIT
CBLT_LOG: 
###############################################################################

CBLT_LOG: NAFname: Z?_Wq/f"~6#+=O:(?ZK&Eu$DE:UYHCmS]Cv@d5Ex=6y01y|y9Bo.#:V!.9MGi9~hD^<;.Sb,f*_Y/]SQI :ULR;=>F0ul.S7WK`v>2x2b]3B5"HtQ08Go]0u_GS?{[0B`s&iG`kJNSSz\mO^TM,}MhWtc'M3$aw)_{#qo'+/oZQ#V=}9V[zphd5>c4v:z~3>.yMI+}V';exBSET&t7"vC}6*:bIa`\ kZ0m|}Ro"weN

CBLT_LOG: DIRECTIVE: OPEN C:\_DEV\CoBaLT\Co.Ba.L.T
CBLT_LOG: DIRECTIVE: CHANGEDIR .tests/
CBLT_LOG: DIRECTIVE: NQ huge_file.c
CBLT_LOG: DIRECTIVE: EXIT
CBLT_LOG: 
###############################################################################

CBLT_LOG: NAFname: )<v11\q,$nQL\:Ifc@Xo5/PhxOw;Qu}|;|,4I;2;,4|Qs4*2o,nTKlOPoxP8>I8MC},5+%\lm-_R6hyi\bxbw kRP PhfZfgF\JRu7z~:J_7(jBDQ] \~S'Z5AwxGK*X@!0F!QCx]dw<EUV]0YmigsP

CBLT_LOG: DIRECTIVE: OPEN C:\_DEV\CoBaLT\Co.Ba.L.T
CBLT_LOG: DIRECTIVE: CHANGEDIR .tests/
CBLT_LOG: DIRECTIVE: NQ newfile.c
CBLT_LOG: DIRECTIVE: DQFILE )<v11\q,$nQL\:Ifc@Xo5/PhxOw;Qu}|;|,4I;2;,4|Qs4*2o,nTKlOPoxP8>I8MC},5+%\lm-_R6hyi\bxbw kRP PhfZfgF\JRu7z~:J_7(jBDQ] \~S'Z5AwxGK*X@!0F!QCx]dw<EUV]0YmigsP
CBLT_LOG: DIRECTIVE: NQ newfile.c
CBLT_LOG: DIRECTIVE: DQFILE )<v11\q,$nQL\:Ifc@Xo5/PhxOw;Qu}|;|,4I;2;,4|Qs4*2o,nTKlOPoxP8>I8MC},5+%\lm-_R6hyi\bxbw kRP PhfZfgF\JRu7z~:J_7(jBDQ] \~S'Z5AwxGK*X@!0F!QCx]dw<EUV]0YmigsP
CBLT_LOG: 
###############################################################################

CBLT_LOG: NAFname: xJV|aW1D

CBLT_LOG: DIRECTIVE: OPEN C:\_DEV\CoBaLT\Co.Ba.L.T
CBLT_LOG: DIRECTIVE: CHANGEDIR .tests/
CBLT_LOG: DIRECTIVE: NQ newfile.c
CBLT_LOG: DIRECTIVE: NQ huge_file.c
CBLT_LOG: DIRECTIVE: EXIT
CBLT_LOG: 
###############################################################################

CBLT_LOG: NAFname: /e-kA:lQc#QATr_if>zpFiAq1vV%0ew.uYZv[L#m$2G~Fl62]0m.hFH)/ys5xK?F'GFw9JD_-[V<xJ:u}c,YuYK-BH-hS1F(AU?.?!iWz$6ahlbA-~Wtd+Ezz3}r G`iq~5mMj>-eNNMb \F}PwP{P_nW[gYb`pK)uR]`B_(KF-AFwT%~AI\U8u'K6j\rH%}LwN1r4GG[gamiK)?,j<#L~$2>

CBLT_LOG: DIRECTIVE: OPEN C:\_DEV\CoBaLT\Co.Ba.L.T
CBLT_LOG: DIRECTIVE: CHANGEDIR .tests/
CBLT_LOG: DIRECTIVE: NQ newfile.c
CBLT_LOG: DIRECTIVE: NQ huge_file.c
CBLT_LOG: DIRECTIVE: EXIT
CBLT_LOG: 
###############################################################################

CBLT_LOG: NAFname: Ybd=l'''S><}0h#[`c?2Fg&+<$R"z#W]Pz1ze@~Ne<'aeGeM~>Am;pi{^("A*#DR%0AAJc%{BY&[T?_?ZGAdQ2UJLw

CBLT_LOG: DIRECTIVE: OPEN C:\_DEV\CoBaLT\Co.Ba.L.T
CBLT_LOG: DIRECTIVE: CHANGEDIR .tests/
CBLT_LOG: DIRECTIVE: NQ huge_file.c
CBLT_LOG: DIRECTIVE: EXIT
CBLT_LOG: 
###############################################################################

CBLT_LOG: NAFname: F,\2)(ho!$Isi+J`,XSHv2UhK`djVg_LT\qlT!cua_,w]:

CBLT_LOG: DIRECTIVE: OPEN C:\_DEV\CoBaLT\Co.Ba.L.T
CBLT_LOG: DIRECTIVE: CHANGEDIR .tests/
CBLT_LOG: DIRECTIVE: NQ huge_file.c
CBLT_LOG: DIRECTIVE: EXIT
CBLT_LOG: 
###############################################################################

CBLT_LOG: NAFname: b5QajPT&MQYF?u,GA,H"'i~2=zKiV3f/Ft$/Mys"@_I-u|A][Jdv#Eq:'KTj 8OFXE&HlUO7U%I(CL!VzawdVLcn.M "[v^i9ye@LCT #4V}GQl=D-ReWMI\}/N,j<-:Na>8[EJv^mf801$o|9_OEn@udf1:B>b(%=<#c8VB)!ym#%{JMo00gKPNa$5!QQdKm_93l>e##

CBLT_LOG: DIRECTIVE: OPEN C:\_DEV\CoBaLT\Co.Ba.L.T
CBLT_LOG: DIRECTIVE: NQ CBLT_Camera.cpp
CBLT_LOG: DIRECTIVE: EXIT
CBLT_LOG: 
###############################################################################

CBLT_LOG: NAFname: pPb::^/=.8t}NaB~wC{(#A>Y03Q52t*'E#/(Ajl&]oNJ HpIV-C

CBLT_LOG: DIRECTIVE: EXIT
CBLT_LOG: 
###############################################################################

CBLT_LOG: NAFname: LrApix~lL@=Co+$_iin&y`!U&fz[3Dkswm"E&,P=%%7u,|u7^Stvd2o\e 0:%~ar_xGk:rFug?IiV+/;5l}-^m>[d;1B.EgetO11~-pI

CBLT_LOG: DIRECTIVE: OPEN C:\_DEV\CoBaLT\Co.Ba.L.T
CBLT_LOG: DIRECTIVE: CHANGEDIR .tests/
CBLT_LOG: DIRECTIVE: NQ newfile.c
CBLT_LOG: DIRECTIVE: NQ huge_file.c
CBLT_LOG: DIRECTIVE: EXIT
CBLT_LOG: 
###############################################################################

CBLT_LOG: NAFname: SfOxrwu,OtQdNm!Nu$+y.ia-k-u*'aG$kI.>{*/4>8Au;L<3b`"qp_?!y3>Ay?$EHbS,W"&s0>_%tbd]7#M;+ov2TH{emVk8ZWZ,qo6PH+`^ndXAD?~cN&VHcVy1,d,[O\Uf^mI -'=sh K},5tKJu

CBLT_LOG: DIRECTIVE: OPEN C:\_DEV\CoBaLT\Co.Ba.L.T
CBLT_LOG: DIRECTIVE: CHANGEDIR .tests/
CBLT_LOG: DIRECTIVE: NQ newfile.c
CBLT_LOG: DIRECTIVE: EXIT
CBLT_LOG: 
###############################################################################

CBLT_LOG: NAFname: y5$dq:m4o"9:KxkU>A4Ih?Rs:'tS^'5xq%h+K<<F{e[GAWpg%&{7cF\(1D.=R+W.sS(F)XLdS0U8ib;k\w3jTo*zw2%4X"&)<?gaw<<%Ba?H];(AFBw[V)78\-N(`Z9g>cf6@y0s'RCn[|ldRi3U]ot>X.In 3oo@&>@XSNE6vAZgZy}D@J\.Ct7tcFVXL|V^Z(W0MMM

CBLT_LOG: DIRECTIVE: OPEN C:\_DEV\CoBaLT\Co.Ba.L.T
CBLT_LOG: DIRECTIVE: CHANGEDIR .tests/
CBLT_LOG: DIRECTIVE: NQ newfile.c
CBLT_LOG: DIRECTIVE: EXIT
CBLT_LOG: 
###############################################################################

CBLT_LOG: NAFname: 8II7LH J,LY4<S x,)Z!F-]/qP4Ft6G:k]xd1a;GCN4LoO:2?cjE;cg@sr7D{=Q{Y]&'*{uDU*bj+[!?gt.2|C['>GZ _oL* n,ML$/]1@/>*Ylt+wf}:f7C5

CBLT_LOG: DIRECTIVE: OPEN C:\_DEV\CoBaLT\Co.Ba.L.T
CBLT_LOG: DIRECTIVE: CHANGEDIR .tests/
CBLT_LOG: DIRECTIVE: NQ newfile.c
CBLT_LOG: DIRECTIVE: EXIT
CBLT_LOG: 
###############################################################################

CBLT_LOG: NAFname: )#nHfOKF^CxbingZ.z#Eot7^D:5yLN]Kl0uZVdwE/"R'I

CBLT_LOG: DIRECTIVE: OPEN C:\_DEV\CoBaLT\Co.Ba.L.T
CBLT_LOG: DIRECTIVE: CHANGEDIR .tests/
CBLT_LOG: DIRECTIVE: NQ newfile.c
CBLT_LOG: DIRECTIVE: EXIT
CBLT_LOG: 
###############################################################################

CBLT_LOG: NAFname: ,03S)B,?(YLYUr,;7v>} *91Z1{}^@IrHK!oA]K[?Ek.9[4Sc#AqUT.6!EC]M8t{n8G7"Mgv4Q#)_wcUW"8kv/5'3on%<Q8"Yd7[D_Sx2l"7!Cs5xQ(hWON65Uw\):[9m:x}*l1^y&8X;ObZ9

CBLT_LOG: DIRECTIVE: OPEN C:\_DEV\CoBaLT\Co.Ba.L.T
CBLT_LOG: DIRECTIVE: CHANGEDIR .tests/
CBLT_LOG: DIRECTIVE: NQ newfile.c
CBLT_LOG: DIRECTIVE: EXIT
CBLT_LOG: 
###############################################################################

CBLT_LOG: NAFname: VQC3^pJM&Q`@frRZ^83tQJ(Fs-5;$sK?rlOG&w%VlPlXHm|rK0z')Vfnn*A!#PR9lsr}-i2L:f;Wzm/=hCA\(O>*uvQ^Sp

CBLT_LOG: DIRECTIVE: OPEN C:\_DEV\CoBaLT\Co.Ba.L.T
CBLT_LOG: DIRECTIVE: CHANGEDIR .tests/
CBLT_LOG: DIRECTIVE: NQ newfile.c
CBLT_LOG: DIRECTIVE: EXIT
CBLT_LOG: 
###############################################################################

CBLT_LOG: NAFname: mehwd,=Q>A<e`]6);a%+5bPi@FuBpTxxd=_re|`iBeXz$q|EE"o)@muF>F9\VwOpLpa\CFd5`jM8P7Sy!GylP\B+Hmm|~hNL|8EzwtaWohl$*~cgLMrKTJF_"h14AjNKq]Du-EFG~mqD>~~ts&H+#0>^Iu'D:2a6fRa<!zBQ@laZ|$8E9+U1f`xy`w6@r*zH+^*?67pO~Xug7YFI[2BeoJ]%wx

CBLT_LOG: DIRECTIVE: OPEN C:\_DEV\CoBaLT\Co.Ba.L.T
CBLT_LOG: DIRECTIVE: CHANGEDIR .tests/
CBLT_LOG: DIRECTIVE: NQ newfile.c
CBLT_LOG: DIRECTIVE: EXIT
CBLT_LOG: 
###############################################################################

CBLT_LOG: NAFname: 3$<!U%j<jZsO17~  IrwZLd1atkwpw%mO}i7VV$.lw";c$[O:,~sQq8?m!TO1ny0z0KuW4|z:c'SoSK0m@y$"v9O3*s%`7_,

CBLT_LOG: DIRECTIVE: OPEN C:\_DEV\CoBaLT\Co.Ba.L.T
CBLT_LOG: DIRECTIVE: CHANGEDIR .tests/
CBLT_LOG: DIRECTIVE: NQ newfile.c
CBLT_LOG: DIRECTIVE: EXIT
CBLT_LOG: 
###############################################################################

CBLT_LOG: NAFname: E`zjQn#mQ%9&,q0Rcm5{e'Z'@D!UH@bNK`Y1o>.-]

CBLT_LOG: DIRECTIVE: EXIT
CBLT_LOG: 
###############################################################################

CBLT_LOG: NAFname: pGGe=rjg+G?4[Jm+m\i+i|yA|Zl;_yq!"^vc;Q&#fdA2=]Rtk qx~W>/MGC[CESpB);MJYUao&q,B(7PeH 4~x[Hm"-PETE-}ekdYhYo,U/pJ Gi>.[$G2Xrw2g`\hb -/y*CRC%ObU|xgNm;!MN]Ku[eCK\n3~e.I`|mk'yv`8!nPe&g>\0d|;&;9~^1E?w_8DEs(nUd&E$cl4;_*jf@~,y&AG{gR}F<fr?#?Z50"l2kw/HH]pKemx#<V(

CBLT_LOG: DIRECTIVE: EXIT
CBLT_LOG: 
###############################################################################

CBLT_LOG: NAFname: -\:mRXv!mt'hVp[-9d{j98pin9\FFt=o^C?]~X]\v2:2+ ZQmR}XmF7b3u!3jRD#nmoCw=I:|<FPB+k.3_L.QWgUDsUQ:0FB@[/}5GmN:+:G{Y9jZGvHz+1ze4K]gK-;2di,82~oEegN$[^WB0kj.;2MZ*6%N+;@q@C+Yeg(TI#\y.TLVq -J0pl:&c- F#()thTO!

CBLT_LOG: DIRECTIVE: OPEN C:\_DEV\CoBaLT\Co.Ba.L.T
CBLT_LOG: DIRECTIVE: CHANGEDIR .tests/
CBLT_LOG: DIRECTIVE: NQ newfile.c
CBLT_LOG: DIRECTIVE: EXIT
CBLT_LOG: 
###############################################################################

CBLT_LOG: NAFname: 1-1&S#ZahE,=G.E|M7L=iscM<"1$IR9'&*}Tdtk//fCS#lH)?I0jOB8c8\+#InkVW-#0OeH;56 kPFgj-\}X@=$d0=+hb`K6+y@<.$(MHBzA46ST)G'Be++[-Ku2?uShtD@]]3@8jXv*17!&v&?~9a]:tfoa@d=Tl^0=nyntOeg H:Cf?EsnysbR&{`-S+~'ksF{4m5jqd

CBLT_LOG: DIRECTIVE: OPEN C:\_DEV\CoBaLT\Co.Ba.L.T
CBLT_LOG: DIRECTIVE: CHANGEDIR .tests/
CBLT_LOG: DIRECTIVE: NQ newfile.c
CBLT_LOG: DIRECTIVE: EXIT
CBLT_LOG: 
###############################################################################

CBLT_LOG: NAFname: +{5iu[h2C.s#o14g~>szOt.$=x@'(aUD &lN#`aEoS{:%Hfm?~l)jMH@r4r-FQ_}4&EY90MMvPcp[/z_pQ=Rm>AlY:H -KI{'c=|1tc-Og

CBLT_LOG: DIRECTIVE: OPEN C:\_DEV\CoBaLT\Co.Ba.L.T
CBLT_LOG: DIRECTIVE: CHANGEDIR .tests/
CBLT_LOG: DIRECTIVE FAIL: NQ <NOTFOUND>
CBLT_LOG: DIRECTIVE: NQ newfile.c
CBLT_LOG: DIRECTIVE: EXIT
CBLT_LOG: 
###############################################################################

CBLT_LOG: NAFname: Un=pKK#3d@<6hB:!M|be%bl_|jt1c[8pjE!.

CBLT_LOG: DIRECTIVE: OPEN C:\_DEV\CoBaLT\Co.Ba.L.T
CBLT_LOG: DIRECTIVE: CHANGEDIR .tests/
CBLT_LOG: DIRECTIVE: NQ newfile.c
CBLT_LOG: DIRECTIVE: EXIT
CBLT_LOG: 
###############################################################################

CBLT_LOG: NAFname: 7vawL*ImVUw @mGr5c2{aW\4@#::VMVdx`v\2 =[3f=fRX

CBLT_LOG: DIRECTIVE: OPEN C:\_DEV\CoBaLT\Co.Ba.L.T
CBLT_LOG: DIRECTIVE: CHANGEDIR .tests/
CBLT_LOG: DIRECTIVE: NQ newfile.c
CBLT_LOG: DIRECTIVE: EXIT
CBLT_LOG: 
###############################################################################

CBLT_LOG: NAFname: O^E1<E mMojJ#M%vq`?rGxbU0H"nPDWJV\VD=:>w_eM

CBLT_LOG: DIRECTIVE: OPEN C:\_DEV\CoBaLT\Co.Ba.L.T
CBLT_LOG: DIRECTIVE: OPEN C:\_DEV\CoBaLT\Co.Ba.L.T
CBLT_LOG: DIRECTIVE: CHANGEDIR .tests/
CBLT_LOG: DIRECTIVE: NQ newfile.c
CBLT_LOG: DIRECTIVE: EXIT
CBLT_LOG: 
###############################################################################

CBLT_LOG: NAFname: Y=Vp#Me"'td@|NJ/LL[~$WDeoG&wH lFAQ{)1?+LU)Wr$FFS/GDpMxZ4`<T]TqcOEY7!@SR75o:)&\Qp)P^AR- :wHLH~Ie|1E\+@/"i.1'UJ(w18z{VcwexZRfmCE}!/XlcPJFc`[a[NGT{hR0#@s<C)}l&AP4+,,fpsBD"%:"JwO<ioZP;,]v:

CBLT_LOG: DIRECTIVE: OPEN C:\_DEV\CoBaLT\Co.Ba.L.T
CBLT_LOG: DIRECTIVE: CHANGEDIR .tests/
CBLT_LOG: DIRECTIVE: NQ newfile.c
CBLT_LOG: DIRECTIVE: NQ huge_file.c
CBLT_LOG: DIRECTIVE: DQFILE newfile.c
CBLT_LOG: DIRECTIVE: DQFILE Y=Vp#Me"'td@|NJ/LL[~$WDeoG&wH lFAQ{)1?+LU)Wr$FFS/GDpMxZ4`<T]TqcOEY7!@SR75o:)&\Qp)P^AR- :wHLH~Ie|1E\+@/"i.1'UJ(w18z{VcwexZRfmCE}!/XlcPJFc`[a[NGT{hR0#@s<C)}l&AP4+,,fpsBD"%:"JwO<ioZP;,]v:
CBLT_LOG: DIRECTIVE: NQ newfile.c
CBLT_LOG: DIRECTIVE: INFO newfile.c
CBLT_LOG: DIRECTIVE: NQ huge_file.c
CBLT_LOG: DIRECTIVE: INFO huge_file.c
CBLT_LOG: DIRECTIVE: GOTO 107330
CBLT_LOG: DIRECTIVE: GOTO 107330
CBLT_LOG: DIRECTIVE: GOTO 107330
CBLT_LOG: DIRECTIVE: GOTO 107330
CBLT_LOG: DIRECTIVE: DQFILE newfile.c
CBLT_LOG: DIRECTIVE FAIL: GOTO <NOLINE>
CBLT_LOG: DIRECTIVE FAIL: NQ <NOTFOUND>
CBLT_LOG: DIRECTIVE: INFO newfile.c
CBLT_LOG: DIRECTIVE: HELP
CBLT_LOG: DIRECTIVE: OPEN C:\_DEV\CoBaLT\Co.Ba.L.T
CBLT_LOG: DIRECTIVE: NQ CBLT_Camera.cpp
CBLT_LOG: DIRECTIVE FAIL: GOTO <LINEOUTOFBOUNDS>
CBLT_LOG: DIRECTIVE FAIL: GOTO <LINEOUTOFBOUNDS>
CBLT_LOG: DIRECTIVE FAIL: GOTO <LINEOUTOFBOUNDS>
CBLT_LOG: DIRECTIVE: GOTO 20
CBLT_LOG: DIRECTIVE: CHANGEDIR .tests/
CBLT_LOG: DIRECTIVE: CHANGEDIR ..
CBLT_LOG: DIRECTIVE: WRITE CBLT_Camera.cpp
CBLT_LOG: DIRECTIVE: EXIT
CBLT_LOG: 
###############################################################################

CBLT_LOG: NAFname: (E6t7~rQRHU9&&pLA =9GxvfgvgK`nxy}-[9Q9F/=pK

CBLT_LOG: DIRECTIVE: OPEN C:\_DEV\CoBaLT\Co.Ba.L.T
CBLT_LOG: DIRECTIVE: CHANGEDIR .tests/
CBLT_LOG: DIRECTIVE: NQ newfile.c
CBLT_LOG: DIRECTIVE: EXIT
CBLT_LOG: 
###############################################################################

CBLT_LOG: NAFname: Qb\f{c@jh^@!hsh,_YFHj>xw3%`?ZPCF

CBLT_LOG: DIRECTIVE: OPEN C:\_DEV\CoBaLT\Co.Ba.L.T
CBLT_LOG: DIRECTIVE: CHANGEDIR .tests/
CBLT_LOG: DIRECTIVE: NQ newfile.c
CBLT_LOG: DIRECTIVE: EXIT
CBLT_LOG: 
###############################################################################

CBLT_LOG: NAFname: ;E)6:u#X"QVCrf>(sC|yoDgJZ57\R9#acPbeyH$C]8~.7a1GTTQN>/?C:/2m*RvCj<EfXWpK.F<Z

CBLT_LOG: DIRECTIVE: OPEN C:\_DEV\CoBaLT\Co.Ba.L.T
CBLT_LOG: DIRECTIVE: CHANGEDIR .tests/
CBLT_LOG: DIRECTIVE: NQ newfile.c
CBLT_LOG: DIRECTIVE: EXIT
CBLT_LOG: 
###############################################################################

CBLT_LOG: NAFname: 5yDbv_v6ia0Ddb=Q;S{G<y'l15!XlV`.TvB=

CBLT_LOG: DIRECTIVE: OPEN C:\_DEV\CoBaLT\Co.Ba.L.T
CBLT_LOG: DIRECTIVE: CHANGEDIR .tests/
CBLT_LOG: DIRECTIVE: NQ newfile.c
CBLT_LOG: DIRECTIVE: EXIT
CBLT_LOG: 
###############################################################################

CBLT_LOG: NAFname: YE0`~>}II4T"2[`kb(8/oT+OrBXPx1v* U_ij#MMrIz26[!@'y/1*i;bO[P\$>zJ`*F(iYGnF=#>0W=xJ<U5=7xgR{]C0O_8q"1z|PngfZdnxX?lA}[pr6WHIF|p6

CBLT_LOG: DIRECTIVE: OPEN C:\_DEV\CoBaLT\Co.Ba.L.T
CBLT_LOG: DIRECTIVE: CHANGEDIR .tests/
CBLT_LOG: DIRECTIVE: NQ newfile.c
CBLT_LOG: DIRECTIVE FAIL: NQ <NOTFOUND>
CBLT_LOG: DIRECTIVE: EXIT
CBLT_LOG: 
###############################################################################

CBLT_LOG: NAFname: '/iJ=cw4@hq~$)\PC0`AY@;4-n}URoi@xhS"6yp> HNRvMmQuO`7t!h"sHR&!)~^n>v7kQG_vi=[Vhg}._!ZkUzR/rQUrl9_\fRF=!860:3s$`K^/*6?y)pOsL+ZuX:>MZes{&AQ[1bky0JpEeCB}|G3I@7b}ew2!FF%msmf6J)guR$F_K3PLvhIXIT6U^AF5@5Hfek;L{9P\8zX.g8hg|*ZaA4z9uaOSAL<a4]F

CBLT_LOG: DIRECTIVE: OPEN C:\_DEV\CoBaLT\Co.Ba.L.T
CBLT_LOG: DIRECTIVE: CHANGEDIR .tests/
CBLT_LOG: DIRECTIVE: NQ newfile.c
CBLT_LOG: DIRECTIVE: EXIT
CBLT_LOG: 
###############################################################################

CBLT_LOG: NAFname: LCZ@nQ3':X$mLA255[U"Olw7yl37x_]C[~I~w_E7{EwJt\-Yb-IBZU,({SuKSC &y\C7$["\P{2'4s(wv>V+}s{(}\s+EA8wx->\-E=NkGTYp8(<Wrj{j/_Zgc=omL1|c?,zoRTMc#g<7;O[@Skt_1tvyTBBYz~{* T4D3b9A{Bb3.8^1;E!,?e(Um!vFm0VN!-qt(!EtJiOOSTpu#.}z^]pR=:!-Lf0)<XHcD

CBLT_LOG: DIRECTIVE: OPEN C:\_DEV\CoBaLT\Co.Ba.L.T
CBLT_LOG: DIRECTIVE: CHANGEDIR .tests/
CBLT_LOG: DIRECTIVE: NQ newfile.c
CBLT_LOG: DIRECTIVE: EXIT
CBLT_LOG: 
###############################################################################

CBLT_LOG: NAFname: C9-HGS`m>~pbm'+TN8<1!ppd@)RFY*quO(XG9N7s7K^u/ORIjK=7M2%ht6DQEqn(=>Jw35JerA?pi0Jfn?avV?A<RUD%9irtrK~qZ3_<6Nsz]jvQ,M$Bl;U~Dc!@Ib$W;(*%n-<#a'[U5&_GE Ji/@Xm cFO\<,hue!n^lPIa%4d[{d1[D<w:Z}#n.}H@SvS,+SMUhLFvex(X5_sjkXO

CBLT_LOG: DIRECTIVE: EXIT
CBLT_LOG: 
###############################################################################

CBLT_LOG: NAFname: 8tLhYQ<*9f9*1.h9Dt.~$QF~y 3#E+mgJj\Vi#Jc3`apLl%(3l]bT05xPfF?J<)b9c;GBf1w~c|f9u:00)x_x"NB bi@tBLXhTo4F;{asUY|U4n

CBLT_LOG: DIRECTIVE: EXIT
CBLT_LOG: 
###############################################################################

CBLT_LOG: NAFname: I)}@5w~ee0c|c}3$PkrN7m&BD/jiaN`lF^*a#`R{<$BH,Qwwxlb16nh"jt5g0XHDIOw0j%X8P9)bE\Z4J1ele3Tsf"sMRFH`T\d6Z|rZQ2jdwBi1g.D)W;^]\}9eEx)q%T, B7#5isN;eTK=YTPRIP2-s>6(;+UgIK=MAm\`p~rn[Fz

CBLT_LOG: DIRECTIVE: OPEN C:\_DEV\CoBaLT\Co.Ba.L.T
CBLT_LOG: DIRECTIVE: CHANGEDIR .tests/
CBLT_LOG: DIRECTIVE: NQ newfile.c
CBLT_LOG: DIRECTIVE: EXIT
CBLT_LOG: 
###############################################################################

CBLT_LOG: NAFname: Jz_&s'.Rs#'.#.i?Z&5STe'$5{D]<m(\p,~358Gt$~S)PGg>R@Lqj3[bR}b#P$OsX9)rfB]y;$]_8q55UL=@exn;u%uSL8_ok*\

CBLT_LOG: DIRECTIVE: OPEN C:\_DEV\CoBaLT\Co.Ba.L.T
CBLT_LOG: DIRECTIVE: CHANGEDIR .tests/
CBLT_LOG: DIRECTIVE: NQ newfile.c
CBLT_LOG: DIRECTIVE: EXIT
CBLT_LOG: 
###############################################################################

CBLT_LOG: NAFname: E`zjQn#mQ%9&,q0Rcm5{e'Z'@D!UH@bNK`Y1o>.-]

CBLT_LOG: DIRECTIVE: OPEN C:\_DEV\CoBaLT\Co.Ba.L.T
CBLT_LOG: DIRECTIVE: CHANGEDIR .tests/
CBLT_LOG: DIRECTIVE: NQ newfile.c
CBLT_LOG: DIRECTIVE: EXIT
CBLT_LOG: 
###############################################################################

CBLT_LOG: NAFname: p&.yML+oia9E$oCasX~8' QfwD-Jj!q0$9?Tgf??+"Fitr%0VVh]eIaPMS7Xeoa)Imn*gVRx^40[Lg!E]r= 1`-) [;

CBLT_LOG: DIRECTIVE: OPEN C:\_DEV\CoBaLT\Co.Ba.L.T
CBLT_LOG: DIRECTIVE: CHANGEDIR .tests/
CBLT_LOG: DIRECTIVE: NQ newfile.c
CBLT_LOG: DIRECTIVE: EXIT
CBLT_LOG: 
###############################################################################

CBLT_LOG: NAFname: 4*9[jwM,6+w^:FPJ$(TKJ+xvEf(-.Cu:b$[YX7iT*Y DJ>OlqZj3:s1o&]"Uw"|yd&=uCJK\Wg#y(EY0Pmg!=bA*JV;6rA-%1mdVAJ+\Knk;v5DevZaih'S.jG/UFigSdO9Yr9$/"[&,aJ$xKY2E9O'lhxykr-w[s.Mj\~w.kP^/TuSo]+aaUl,5+9'#,B/&n1qr`~,&XbY*tU{gT~dIgj.{>HuO4MMxQyqO3_I`@!cJRX0

CBLT_LOG: DIRECTIVE: OPEN C:\_DEV\CoBaLT\Co.Ba.L.T
CBLT_LOG: DIRECTIVE: CHANGEDIR .tests/
CBLT_LOG: DIRECTIVE: NQ newfile.c
CBLT_LOG: DIRECTIVE: EXIT
CBLT_LOG: 
###############################################################################

CBLT_LOG: NAFname: n,g?x536"O*P|=@B4Ra+A[<2*uY)f5e~xDPhB2~.D%i24s1WY-}5KrtYML0}_n}qSjoEu9Y},Ml'kiwl"g}

CBLT_LOG: DIRECTIVE: OPEN C:\_DEV\CoBaLT\Co.Ba.L.T
CBLT_LOG: DIRECTIVE: CHANGEDIR .tests/
CBLT_LOG: DIRECTIVE: NQ newfile.c
CBLT_LOG: DIRECTIVE: EXIT
CBLT_LOG: 
###############################################################################

CBLT_LOG: NAFname: 7\8l>TijCv*L{_?R4}PbZ7(nCS \A?J1\

CBLT_LOG: DIRECTIVE: OPEN C:\_DEV\CoBaLT\Co.Ba.L.T
CBLT_LOG: DIRECTIVE: NQ CBLT_Controller.cpp
CBLT_LOG: DIRECTIVE: GOTO 245
CBLT_LOG: DIRECTIVE: EXIT
CBLT_LOG: 
###############################################################################

CBLT_LOG: NAFname: o_TzMH/`0+r#lmh0Q(IdEwY=Tw]hGyJ*E~9y<3$v@&@#:f=i1Lex2%\CG+8E!*5z<v:"%Ej\\ =q`,%$.G_eLZj];AH0wCO/~UIs0>Y~^O@s!xZ7A|pQT,DBrd'UNIJ7 24JVz|/69[oELg5.`N|;xgN-W^U0QIU?9G;=u03R3u{>'>z*}?@RyF%I7+W{

CBLT_LOG: DIRECTIVE: OPEN C:\_DEV\CoBaLT\Co.Ba.L.T
CBLT_LOG: DIRECTIVE: CHANGEDIR .tests/
CBLT_LOG: DIRECTIVE: CREATEFILE temp.py
CBLT_LOG: DIRECTIVE: NQ newfile.c
CBLT_LOG: DIRECTIVE: DQFILE temp.py
CBLT_LOG: DIRECTIVE: EXIT
CBLT_LOG: 
###############################################################################

CBLT_LOG: NAFname: =W.5iwTOOW*MsuLZfQ(A"W I]/!fj_hc%<4NRTFr)` %;Du&<7+r 0-OsI!1FJGAAeFrMCTQp~gGYV-(2;(x<kWe+PsDS*6^!]it,-YV H%D`!`L,p`iC#f,~-?6iEvyOZYK)7ia8boyTvHuG(D$! MAH:,$QiP4#Hlc(bVT#mVMCuV^-DeC'E'wAbt2j.H:L}@$0h%YXUkaY1w&m|0p[?1'/K~Z<zZe3s*=CLJrYw(H^PP*w1rx

CBLT_LOG: DIRECTIVE: SHELL echo Hello World
CBLT_LOG: DIRECTIVE: OPEN C:\_DEV\CoBaLT\Co.Ba.L.T
CBLT_LOG: DIRECTIVE: CHANGEDIR .tests/
CBLT_LOG: DIRECTIVE: SHELL cp newfile.c other1.c
CBLT_LOG: DIRECTIVE: SHELL cp temp.py other.txt
CBLT_LOG: DIRECTIVE: EXIT
CBLT_LOG: 
###############################################################################

CBLT_LOG: NAFname: \o6:0t_Z"K?9G>nl6'$}v}5#bko9rxoq<sAvd_trM*t^u`4F4C{T}FHcx!:W[wo;Op_R 9Z xj]Bm5+XPw6G7| 1UR3[5G>1oGV@FLEiP2KPkyA02lwioHKQqxc>[jN!m&co&eRMK!eI0R\SD%58[\x=z}<SCf?'%>zSEd$-"i"W^r:_)UZDf+Jx1(_@DLg26LM9MYoBC~/hR>O@U, "#[_;d]tz:R:u selnoRUw}GWa]BlxVH1zS01~}.i-t

CBLT_LOG: DIRECTIVE: OPEN C:\_DEV\CoBaLT\Co.Ba.L.T
CBLT_LOG: DIRECTIVE: CHANGEDIR .tests/
CBLT_LOG: DIRECTIVE: SHELL cd ..
CBLT_LOG: DIRECTIVE: SHELL cp temp.py other.txt
CBLT_LOG: DIRECTIVE: NQ other.txt
CBLT_LOG: DIRECTIVE: EXIT
CBLT_LOG: 
###############################################################################

CBLT_LOG: NAFname: #p@{fD>>pa1R$Vi$Js,L!+Ns{I0;*^T8_Fb

CBLT_LOG: DIRECTIVE: OPEN C:\Users\Peaky\Desktop\GpapPeaky\Code\RUST\rakey
CBLT_LOG: DIRECTIVE: CHANGEDIR .tests/
CBLT_LOG: DIRECTIVE: NQ a.c
CBLT_LOG: DIRECTIVE FAIL: GOTO <LINEOUTOFBOUNDS>
CBLT_LOG: DIRECTIVE FAIL: GOTO <NOLINE>
CBLT_LOG: DIRECTIVE: HELP
CBLT_LOG: DIRECTIVE: GOTO 157
CBLT_LOG: DIRECTIVE: GOTO 157
CBLT_LOG: DIRECTIVE: EXIT
CBLT_LOG: 
###############################################################################

CBLT_LOG: NAFname: \\X)'z$@2vS;[n9(-fh+P-D!uPK0be]

CBLT_LOG: DIRECTIVE: OPEN C:\_DEV\CoBaLT\Co.Ba.L.T
CBLT_LOG: DIRECTIVE: CHANGEDIR .tests/
CBLT_LOG: DIRECTIVE: NQ newfile.c
CBLT_LOG: DIRECTIVE: EXIT
CBLT_LOG: 
###############################################################################

CBLT_LOG: NAFname: 0NxHIR/cisapfw%f6s!._,t>nJnV tmQ6/x@%v0q8~k^[os7~DEMEwpKgm=`b."2mT$fI\QXG_J`!B'uRR^Y@/otK*K4NuC/fR:3D:CNs3FQ.\ND`w|V`b?{!

CBLT_LOG: DIRECTIVE: OPEN C:\_DEV\CoBaLT\Co.Ba.L.T
CBLT_LOG: DIRECTIVE: CHANGEDIR .tests/
CBLT_LOG: DIRECTIVE: NQ newfile.c
CBLT_LOG: DIRECTIVE: EXIT
CBLT_LOG: 
###############################################################################

CBLT_LOG: NAFname: QSQNvHq=fyL@}0<{5zvqt:qLa2yDEKijf'UuqPWNroZ|IRM%J)e`Rz*f^)mZh41]v[?p;Ve, Ega'SoYY_{LW\%1!'W

CBLT_LOG: DIRECTIVE: OPEN C:\_DEV\CoBaLT\Co.Ba.L.T
CBLT_LOG: DIRECTIVE: CHANGEDIR .tests/
CBLT_LOG: DIRECTIVE: NQ newfile.c
CBLT_LOG: DIRECTIVE: EXIT
CBLT_LOG: 
###############################################################################

CBLT_LOG: NAFname: Z~7GB)mEG&v-T.dhDJ9IxPQN7k|*cR5 +gB33q%eKH~~WNqY8+Bzr<Xc=~wAx{9sUFew'wQ'./|x#T@hGknFt@WU@f}%4>c0pd{xB9:-W?%Ic*0qVt_RHJJpd$>lxU`t;\_dR^|GIwR?VG^6oh _2yKnUt6TZCaV%&?

CBLT_LOG: DIRECTIVE: OPEN C:\_DEV\CoBaLT\Co.Ba.L.T
CBLT_LOG: DIRECTIVE: CHANGEDIR .tests/
CBLT_LOG: DIRECTIVE: NQ newfile.c
CBLT_LOG: DIRECTIVE: EXIT
CBLT_LOG: 
###############################################################################

CBLT_LOG: NAFname: 3ub&8i9<$ikD^w<>nCkCIC v>"!F}%V#[k\Pc%M?Q=hFqGGPm$^.y>O$ :'YvX$n*@k7~H;d?kJ%/,ir#SoU,l_I4l/[htax

CBLT_LOG: DIRECTIVE: OPEN C:\_DEV\CoBaLT\Co.Ba.L.T
CBLT_LOG: DIRECTIVE: CHANGEDIR .tests/
CBLT_LOG: DIRECTIVE: NQ temp.py
CBLT_LOG: DIRECTIVE: EXIT
CBLT_LOG: 
###############################################################################

CBLT_LOG: NAFname: vCi&\!*7pmOAh(<]+W4xkyiP`pk^'w-y,Py++3_~qDHOJF!8?Aut-~M8~16Z$Lb)z8AF!Bt:,rQPU}B>7mWdSud3>n$o

CBLT_LOG: DIRECTIVE: OPEN C:\_DEV\CoBaLT\Co.Ba.L.T
CBLT_LOG: DIRECTIVE FAIL: CHANGEDIR <NOTFOUND>
CBLT_LOG: DIRECTIVE: CHANGEDIR .tests/
CBLT_LOG: DIRECTIVE: NQ newfile.c
CBLT_LOG: DIRECTIVE: EXIT
CBLT_LOG: 
###############################################################################

CBLT_LOG: NAFname: E`zjQn#mQ%9&,q0Rcm5{e'Z'@D!UH@bNK`Y1o>.-]

CBLT_LOG: DIRECTIVE: OPEN C:\_DEV\CoBaLT\Co.Ba.L.T
CBLT_LOG: DIRECTIVE: CHANGEDIR .tests/
CBLT_LOG: DIRECTIVE: NQ temp.py
CBLT_LOG: DIRECTIVE: EXIT
CBLT_LOG: 
###############################################################################

CBLT_LOG: NAFname: Jj:% 6:_$JHQ-'@H,@K'vDD?2s{@.YTH(o/7ylA#t\mlEvcOvQXtT=?mIP(bPC"g}:(U@7LSJ;FBs`v%[f*/WvuRK!?WTm&"t5@C 8m"Q:IZv2n!8,f9>Bl6i'eSyhiT1wukmGfLA"0>2/O7Q9s~,e)+R_Lk,t3sO7Ygf2|yf9N&.7Aa>5f)O#4?072:e](S>F"MZ)Vw)3

CBLT_LOG: DIRECTIVE: OPEN C:\_DEV\CoBaLT\Co.Ba.L.T
CBLT_LOG: DIRECTIVE: CHANGEDIR .tests/
CBLT_LOG: DIRECTIVE: NQ temp.py
CBLT_LOG: DIRECTIVE: EXIT
CBLT_LOG: 
###############################################################################

CBLT_LOG: NAFname: vUsg>[4R{&lN%TC-rHz:`0T$M@9>o9@_ ""ODids!\H-&hVYd()zF

CBLT_LOG: DIRECTIVE: OPEN C:\_DEV\CoBaLT\Co.Ba.L.T
CBLT_LOG: DIRECTIVE: CHANGEDIR .tests/
CBLT_LOG: DIRECTIVE: NQ newfile.c
CBLT_LOG: DIRECTIVE: EXIT
CBLT_LOG: 
###############################################################################

CBLT_LOG: NAFname: ^O5_<SQ~BO"aFDGXW$isB+D9]TWf_088KUy"y.38c|'9O;_)iyU-T8Y]:lz8]1YGEeqe^8I(F(N41n=LAh@pb&zd%0R=\ni%T|-63|S+eVlCufRb%tvL3JDP,5pAPx&<%4</x^>ivqZyc)ye=eSs7@vcoQo*Tvbj!D,CX,\~

CBLT_LOG: DIRECTIVE: OPEN C:\_DEV\CoBaLT\Co.Ba.L.T
CBLT_LOG: DIRECTIVE: CHANGEDIR .tests/
CBLT_LOG: DIRECTIVE: NQ file.txt
CBLT_LOG: DIRECTIVE: EXIT
CBLT_LOG: 
###############################################################################

CBLT_LOG: NAFname: (?Mx!`z3|&!{oB&$w"kvp~=pPYc@n7Jd[xqQz['hoqB0"O6M4%~":FaK3@-Xp+#+?"KnTk|`BlG*ipRwp|+JE%}lqK![ T68ar Q3PWs_5:YrCo8BL)EW0(skNCAWo$I4`jR<]SG4

CBLT_LOG: DIRECTIVE: OPEN C:\_DEV\CoBaLT\Co.Ba.L.T
CBLT_LOG: DIRECTIVE: CHANGEDIR .tests/
CBLT_LOG: DIRECTIVE: NQ file.txt
CBLT_LOG: DIRECTIVE: EXIT
CBLT_LOG: 
###############################################################################

CBLT_LOG: NAFname: /}D_v(Sm0ddRlH\V'9.xXI`WoySB[WVXG${t7_*R=So;MEg*:CVusMb.8Ai?'`tY=B!YIm0SZ

CBLT_LOG: DIRECTIVE: OPEN C:\_DEV\CoBaLT\Co.Ba.L.T
CBLT_LOG: DIRECTIVE: CHANGEDIR .tests/
CBLT_LOG: DIRECTIVE: NQ newfile.c
CBLT_LOG: DIRECTIVE: EXIT
CBLT_LOG: 
###############################################################################

CBLT_LOG: NAFname: nX+Wdz[X.f~gRCrQw%y>dil&c(J+Z-J+z+xL>NWc\saeJxHeC(9I>DBfd$'X\vrh5}Y:$lmE|],W$tOf,zZZs{jr\VV5Fl0(\3nvY@]Cy31 fes:a%+HVLv>B\X46804^=Cg`>BP@"W?bui,e/r?\Gp*+?k#@I6^RID(

CBLT_LOG: DIRECTIVE: OPEN C:\_DEV\CoBaLT\Co.Ba.L.T
CBLT_LOG: DIRECTIVE: CHANGEDIR .tests/
CBLT_LOG: DIRECTIVE: NQ newfile.c
CBLT_LOG: DIRECTIVE: EXIT
CBLT_LOG: 
###############################################################################

CBLT_LOG: NAFname: )3%dRxB35W1ZV{3BY*GI :85jRBWug|.#W_#[ iMCLKX7FY{pv+`7-l|lWaRd;@$E7wJh K?q/7%2Jy<N_V)AGfb93 ^t}~7g)eJWHp!K}Lyx~6;^bI=a)9%[hbU"#JJXk0c>{"Gm=XK8_R.6,@%0WL*dO(wC+yhRvl2]Wo%Q;8lc.N$J}SB9d#j.W2P

CBLT_LOG: DIRECTIVE: OPEN C:\_DEV\CoBaLT\Co.Ba.L.T
CBLT_LOG: DIRECTIVE: CHANGEDIR .tests/
CBLT_LOG: DIRECTIVE: NQ newfile.c
CBLT_LOG: DIRECTIVE: EXIT
CBLT_LOG: 
###############################################################################

CBLT_LOG: NAFname: _'`TOo};*Y\y8[B1#A%cJ2 `,{wBdNe@ VU(^`_7f%oq*Rj{z[#,aGTofA4e'BTkpXHE<+Mtnir} 8wy`}%Ya)n`3cn]ZG4[P/^,DiB@*.1Nfq.fM"UlEStIQ~Ub`b#~*Gf.r`m?s("I:5_ZD%.M/-gzR%FO!4mmX

CBLT_LOG: DIRECTIVE: EXIT
CBLT_LOG: 
###############################################################################

CBLT_LOG: NAFname: E`zjQn#mQ%9&,q0Rcm5{e'Z'@D!UH@bNK`Y1o>.-]

CBLT_LOG: DIRECTIVE: EXIT
CBLT_LOG: 
###############################################################################

CBLT_LOG: NAFname: 6~RV[{hH1x^@C!$;<wv.f(#~_P,c ;}QCg0t3|+8H:f}WbW$W5]uA(<3gg1ryj4H+25{RbYBXPjmVBK|QxyY#(v`3e4u^bgL]~F/?2fjm\8GOMnQ5TY0t<c3Jb8V1,RL;KK.sdX69Fuh1vAX!JX Q75::pnd(g-T;#Wo #)"*T~`'

CBLT_LOG: DIRECTIVE: OPEN C:\_DEV\CoBaLT\Co.Ba.L.T
CBLT_LOG: DIRECTIVE: CHANGEDIR .tests/
CBLT_LOG: DIRECTIVE: NQ newfile.c
CBLT_LOG: DIRECTIVE: EXIT
CBLT_LOG: 
###############################################################################

CBLT_LOG: NAFname: Vk)zG>;f#g3b=l4!S.&P. /Ydgir]W_- 4c%f~L~rk\fb#bJ]-j):O5Rown5W((zzu8`+h>rAApPqZ<tWa3Sm6yq~S7V93Q;>X(dTce]t_'yA oAE7[t|@Lz,<R6*u@K1F(.cx^rnjfnG`,_'\IfysJQ7A:8/2c6c}GX}SrSo-qH"6j<~D\c?

CBLT_LOG: DIRECTIVE: EXIT
CBLT_LOG: 
###############################################################################

CBLT_LOG: NAFname: wja t5}A!m~1T&L7S;"-<',gVOza"-[GJ,9`SXs[McK&Id<1)q$5NQGu`3?'].8F|{Lc|cRF &.Kok%`fnPF,c7&TIC7/?X@*'!}'1c)S8?IDo|q1GxwOcSVoWSz5ZbYW+A7YXaQOQfoGp`LO]\)'wZ

CBLT_LOG: DIRECTIVE: OPEN C:\_DEV\CoBaLT\Co.Ba.L.T
CBLT_LOG: DIRECTIVE: OPEN C:\_DEV\CoBaLT\Co.Ba.L.T
CBLT_LOG: DIRECTIVE: CHANGEDIR .tests/
CBLT_LOG: DIRECTIVE: NQ newfile.c
CBLT_LOG: DIRECTIVE: EXIT
CBLT_LOG: 
###############################################################################

CBLT_LOG: NAFname: R`^ARC

CBLT_LOG: DIRECTIVE: OPEN C:\_DEV\CoBaLT\Co.Ba.L.T
CBLT_LOG: DIRECTIVE: CHANGEDIR .tests/
CBLT_LOG: DIRECTIVE: NQ newfile.c
CBLT_LOG: DIRECTIVE: EXIT
CBLT_LOG: 
###############################################################################

CBLT_LOG: NAFname: Z< 2Aa~@~7?6/*}pgg]zWZ)D+JDO_-[E@z;{L;ZQ+@e!ZnPy/{|;|K6Sm^q+<DGNc5DM[16s`3Jk t9XR_d}U"=!j|lmakW/"v9"F@~[#vfzR\1+s7rng@F[ZL}jZ?eyz&dY)y~;<^uB[BG5[Y|z%:vFQusm!edK_<;j2grAjIUkPBY]fwOEnq[I?5

CBLT_LOG: DIRECTIVE: OPEN C:\_DEV\CoBaLT\Co.Ba.L.T
CBLT_LOG: DIRECTIVE: CHANGEDIR .tests/
CBLT_LOG: DIRECTIVE: NQ newfile.c
CBLT_LOG: DIRECTIVE: EXIT
CBLT_LOG: 
###############################################################################

CBLT_LOG: NAFname: E`zjQn#mQ%9&,q0Rcm5{e'Z'@D!UH@bNK`Y1o>.-]

CBLT_LOG: DIRECTIVE: OPEN C:\_DEV\CoBaLT\Co.Ba.L.T
CBLT_LOG: DIRECTIVE: CHANGEDIR .tests/
CBLT_LOG: DIRECTIVE: NQ newfile.c
CBLT_LOG: DIRECTIVE: EXIT
CBLT_LOG: 
###############################################################################

CBLT_LOG: NAFname: A-k3xcj[Q(B?qXz[e!4ixZr a!

CBLT_LOG: DIRECTIVE: OPEN C:\_DEV\CoBaLT\Co.Ba.L.T
CBLT_LOG: DIRECTIVE: CHANGEDIR .tests/
CBLT_LOG: DIRECTIVE: NQ newfile.c
CBLT_LOG: DIRECTIVE: EXIT
CBLT_LOG: 
###############################################################################

CBLT_LOG: NAFname: c'-->D=*6oW_X$YVsou.5cT3AVTA)v4bcEBd]Rl Ey>&Er%&2}!=|OCG{H=/sKPRKeUO83^;9XT.h$ky%vJO-V{nlY:KY1,0){J_*jiNhfq,@TrG9_/1Lm[PpQw;E8p ~B"vdsrAafL}\W8 ]tNaB6mi$L!Tq``\Ry"+Lqk{BVmDZ3d@1k7%"tSJS*ldDcEv='6T'A-[oSryzV#O!/G)#

CBLT_LOG: DIRECTIVE: OPEN C:\_DEV\CoBaLT\Co.Ba.L.T
CBLT_LOG: DIRECTIVE: CHANGEDIR .tests/
CBLT_LOG: DIRECTIVE: NQ newfile.c
CBLT_LOG: DIRECTIVE: EXIT
CBLT_LOG: 
###############################################################################

CBLT_LOG: NAFname: .4~KY"j&BZ/X(5V1FE4*${>{LEOK)iVw^;em[C;kS Q0~z^dL^D4|tnfP>alj)C8X22zEl'R*XHYp)kc@S+t=]8

CBLT_LOG: DIRECTIVE: OPEN C:\_DEV\CoBaLT\Co.Ba.L.T
CBLT_LOG: DIRECTIVE: CHANGEDIR .tests/
CBLT_LOG: DIRECTIVE: NQ newfile.c
CBLT_LOG: DIRECTIVE: GOTO 44
CBLT_LOG: DIRECTIVE: GOTO 0
CBLT_LOG: DIRECTIVE: EXIT
CBLT_LOG: 
###############################################################################

CBLT_LOG: NAFname: 7r/2?2P:|_)N)6#I!8P6`[ +$=R[xEkzJ7*ROH(@IDTVO7iXXk\?`%XO"*GTt%92hx?!h/2:L=D]Vp1~.9jm_^8P&ZeU'|KGK`m:;z49v=22@^)$OvD&Et`6#nY;\p6``B}Ol05PNT]-!e-E$Ib/;%&}R.J}/Cn#>C>P3 j8cPl~N3Rf7dHV)9Xx'([JOtC[K-NV~RC^.pdpnh(PWr4EhKl=,Wsz+]QMcL;

CBLT_LOG: DIRECTIVE: OPEN C:\_DEV\CoBaLT\Co.Ba.L.T
CBLT_LOG: DIRECTIVE: CHANGEDIR .tests/
CBLT_LOG: DIRECTIVE: NQ newfile.c
CBLT_LOG: DIRECTIVE: GOTO 44
CBLT_LOG: DIRECTIVE: GOTO 0
CBLT_LOG: DIRECTIVE: EXIT
CBLT_LOG: 
###############################################################################

CBLT_LOG: NAFname: 3Ft:eQ$h;:V?r\wE_i)2A.qV<~&J9AJ8HHPZ:9sZ(+URV\:o&7@md"c9SXePxuD(G`U5M n}m$U\&lg(@lthKoAq:=2>{q"!*cjbQ|@&MzBN

CBLT_LOG: DIRECTIVE: OPEN C:\_DEV\CoBaLT\Co.Ba.L.T
CBLT_LOG: DIRECTIVE: CHANGEDIR .tests/
CBLT_LOG: DIRECTIVE: NQ newfile.c
CBLT_LOG: DIRECTIVE: EXIT
CBLT_LOG: 
###############################################################################

CBLT_LOG: NAFname: a-?q{`tHyO=5;=BoORE-2{n@D8kxFqfGsX`+4aa4oNU!]BSw9x5T4 8.onLvJ>vO_[chsK\oRJb,jfU`FZr^p BSpaH/><<lCe6zcNuOh=M/h?T!DxZ)FK7G.teD>;<B .u_rVN[-PqpsK5.br[9dBY~,7,.u;m`B]Pim\m3*2ibgFciY

CBLT_LOG: DIRECTIVE: OPEN C:\_DEV\CoBaLT\Co.Ba.L.T
CBLT_LOG: DIRECTIVE: CHANGEDIR .tests/
CBLT_LOG: DIRECTIVE: NQ newfile.c
CBLT_LOG: DIRECTIVE: EXIT
CBLT_LOG: 
###############################################################################

CBLT_LOG: NAFname: ZaS7XKh&igv/%9A8ua>Y^Q.bz9Nt`0Dsdv?Z*VO}*Nda}&39u%>Yp[%m_NPo;{v!+*f4oCTJSJ>fe/CjeIpJf\E)(F(bbgGUx6pxENhJ[dI9wU|j!8n N*p]{"!xf$:=>3%tT9bL

CBLT_LOG: DIRECTIVE: OPEN C:\_DEV\CoBaLT\Co.Ba.L.T
CBLT_LOG: DIRECTIVE: CHANGEDIR .tests/
CBLT_LOG: DIRECTIVE: NQ newfile.c
CBLT_LOG: DIRECTIVE: EXIT
CBLT_LOG: 
###############################################################################

CBLT_LOG: NAFname: 4tP)%\8cx]=+6<={R2-LWqM;:9AbjMlf F,aV-Kk9T>C@rkR:ZKm;uFa&&x>t:$$s'puxz:fY5fH@pP2'ZfEL6e>03PZ%rz`0-Ho)\;?+1)X[9NpEB_i*p@XBY6+FgIzA\xmG*`h1xT2-^Y,ezEpye"bU.f;c8:gjJS8kd[/&g*!KwQ?A8Gd8V.IGetg+y)cx\l]tK{&'r@ZF/f?h5GFk?'6kxpHFg-)9yYtV?H

CBLT_LOG: DIRECTIVE: OPEN C:\_DEV\CoBaLT\Co.Ba.L.T
CBLT_LOG: DIRECTIVE: CHANGEDIR .tests/
CBLT_LOG: DIRECTIVE: NQ newfile.c
CBLT_LOG: DIRECTIVE: EXIT
CBLT_LOG: 
###############################################################################

CBLT_LOG: NAFname: vf70[U4?rFP+n]8iD<,^Cc:bpvWCVW_R93AnQhB_?TH;hI

CBLT_LOG: DIRECTIVE: OPEN C:\_DEV\CoBaLT\Co.Ba.L.T
CBLT_LOG: DIRECTIVE: CHANGEDIR .tests/
CBLT_LOG: DIRECTIVE: NQ newfile.c
CBLT_LOG: DIRECTIVE: EXIT
CBLT_LOG: 
###############################################################################

CBLT_LOG: NAFname: ]vq|J>j2]FYK{g{wa!uwrz0Gynz"[u9x$;%Nq1D8NhZpNJx8*K1h2XfRfl.6Jvi[&mb</B=B>mnT]edIW+VoaUzI_X&rb,j*QwRnF$F_[F&]c@x/@F%!p|Bo$OP!fa|0(q$@jKsHR$#"7j_@XG|"k5!c >1P/li->

CBLT_LOG: DIRECTIVE: OPEN C:\_DEV\CoBaLT\Co.Ba.L.T
CBLT_LOG: DIRECTIVE: CHANGEDIR .tests/
CBLT_LOG: DIRECTIVE: NQ newfile.c
CBLT_LOG: DIRECTIVE: EXIT
CBLT_LOG: 
###############################################################################

CBLT_LOG: NAFname: o\;{}-BoM/9j6`.TnBT<*de8jtfN.f{v:/0huT8u~Ay"j%|#%UKWi,j>},f`KQ;u:y1jfJ\nxl@)LG:jR@_;v0"uDbEB;j#C'-|7$fr~,C'4XS"5iU|r>Y8yQP*CrUwbC-_ot0+q_$:/[n' V{v3V *A+Zw(PY$L!O(bB~kdk&erVFAOrjNZ*JYs079A'F6x9iD8-35_6ffu-,

CBLT_LOG: DIRECTIVE: OPEN C:\_DEV\CoBaLT\Co.Ba.L.T
CBLT_LOG: DIRECTIVE: CHANGEDIR .tests/
CBLT_LOG: DIRECTIVE: NQ newfile.c
CBLT_LOG: DIRECTIVE: EXIT
CBLT_LOG: 
###############################################################################

CBLT_LOG: NAFname: 0._zrLAO:wA,@N5b`1XRFSQ t*k$YWbeh(%+QNky(?,$s*c\8JS#n:WSOJtCx?b+eg$*fsU#)g#dMsM%&

CBLT_LOG: DIRECTIVE: OPEN C:\_DEV\CoBaLT\Co.Ba.L.T
CBLT_LOG: DIRECTIVE: CHANGEDIR .tests/
CBLT_LOG: DIRECTIVE: NQ newfile.c
CBLT_LOG: DIRECTIVE: EXIT
CBLT_LOG: 
###############################################################################

CBLT_LOG: NAFname: -,DQ9-pw$s+Jq~pJ@',<+T2!LZS^( 1#(?);'&<Y(4sSfMFo{~Lxb+2"|1~;7N"ZIo,|aG"qT Z6Yd9KqYUGRse}&N e;24Gnyz_|uB"&ON<LxG3tfPPw/-)*c/`.]MX;lJQb@V;Z|<F6~;9Dj/o&OmDz$I%bVVUE3A^M$==c=QGcWA\}u/%*rH&^/lc_1ZUuo(J"P7

CBLT_LOG: DIRECTIVE: OPEN C:\_DEV\CoBaLT\Co.Ba.L.T
CBLT_LOG: DIRECTIVE: CHANGEDIR .tests/
CBLT_LOG: DIRECTIVE: NQ newfile.c
CBLT_LOG: DIRECTIVE: EXIT
CBLT_LOG: 
###############################################################################

CBLT_LOG: NAFname: E`zjQn#mQ%9&,q0Rcm5{e'Z'@D!UH@bNK`Y1o>.-]

CBLT_LOG: DIRECTIVE: OPEN C:\_DEV\CoBaLT\Co.Ba.L.T
CBLT_LOG: DIRECTIVE: CHANGEDIR .tests/
CBLT_LOG: DIRECTIVE: NQ newfile.c
CBLT_LOG: DIRECTIVE: EXIT
CBLT_LOG: 
###############################################################################

CBLT_LOG: NAFname: U'ZQ"aTgU#QE&>p*xI#FvY^4/@66Hd8i"odOhPawi:3loJ`8 Zy@/L.Ax~5>Y/M/+_69e36n56a.@<JCA.+lB&wW@Jg/gFTug&g;75$xj#ZIreB@b']_xeTCLfMyK5r>Zdu#a^P]]~e&epsbJMN7A*,s!(",c:&Nj-,KZl4tvBMLDQ%ycMV$4P%$>nkL\P

CBLT_LOG: DIRECTIVE: OPEN C:\_DEV\CoBaLT\Co.Ba.L.T
CBLT_LOG: DIRECTIVE: CHANGEDIR .tests/
CBLT_LOG: DIRECTIVE: NQ newfile.c
CBLT_LOG: DIRECTIVE: EXIT
CBLT_LOG: 
###############################################################################

CBLT_LOG: NAFname: dqa z2Zf(grzqfWUlY4ZxK{ Wwi>P}A%Orty;K ;3hAT}HH6^9.%Yps[U,~gyxEq|smZ7o""<Eq3;gl*/3TKqA'A/"oc!Mgz

CBLT_LOG: DIRECTIVE: OPEN C:\_DEV\CoBaLT\Co.Ba.L.T
CBLT_LOG: DIRECTIVE: CHANGEDIR .tests/
CBLT_LOG: DIRECTIVE: NQ newfile.c
CBLT_LOG: DIRECTIVE: EXIT
CBLT_LOG: 
###############################################################################

CBLT_LOG: NAFname: Sk#wy*x4N2(.2ObyQ5#4ZGl5h,(fAm2V"FkLpoN_t! aGzPeb+Z>nMg%{Uhm*{ 65$&TMx'lmf_`2^nE8r9gN2+i,:0/@2rU[O8sG/G6U[V{Ms$tS5cfPQ+s&|JTsO)kad7#Qo:1XiJCr<@f4%iP%pnIeCu{p8{wu95 EO"d:>DzH"m?^ p`#&'<ylBT8/1CusLq.6tFz;i&bM4JMY

CBLT_LOG: DIRECTIVE: OPEN C:\_DEV\CoBaLT\Co.Ba.L.T
CBLT_LOG: DIRECTIVE: CHANGEDIR .tests/
CBLT_LOG: DIRECTIVE: NQ newfile.c
CBLT_LOG: DIRECTIVE: EXIT
CBLT_LOG: 
###############################################################################

CBLT_LOG: NAFname: EEMV^1{$Og86M@3\oc.x zGZX8B809?28u/d98jXL]h4Aid*s+>Z_AL6zi7aL{JTPsD\-</?[kP1mD0|06ctM%.HIIF|{P;y]ca,=5.<\?sIWx(o"ahIDNpO|OTi'#}_X9Uu_hE(t;2tqYPvA` }X,9@MgX\SZEHG)VNq&knZ9}QwT}]y'$&iXk NS^p9OyM`E.X?B)rtS_>B3guL

CBLT_LOG: DIRECTIVE: OPEN C:\_DEV\CoBaLT\Co.Ba.L.T
CBLT_LOG: DIRECTIVE: CHANGEDIR .tests/
CBLT_LOG: DIRECTIVE: NQ newfile.c
CBLT_LOG: DIRECTIVE: EXIT
CBLT_LOG: 
###############################################################################

CBLT_LOG: NAFname: E`zjQn#mQ%9&,q0Rcm5{e'Z'@D!UH@bNK`Y1o>.-]

CBLT_LOG: DIRECTIVE: OPEN C:\_DEV\CoBaLT\Co.Ba.L.T
CBLT_LOG: DIRECTIVE: CHANGEDIR .tests/
CBLT_LOG: DIRECTIVE: NQ newfile.c
CBLT_LOG: DIRECTIVE: EXIT
CBLT_LOG: 
###############################################################################

CBLT_LOG: NAFname: E`zjQn#mQ%9&,q0Rcm5{e'Z'@D!UH@bNK`Y1o>.-]

CBLT_LOG: DIRECTIVE: OPEN C:\_DEV\CoBaLT\Co.Ba.L.T
CBLT_LOG: DIRECTIVE: CHANGEDIR .tests/
CBLT_LOG: DIRECTIVE: NQ newfile.c
CBLT_LOG: DIRECTIVE: EXIT
CBLT_LOG: 
###############################################################################

CBLT_LOG: NAFname: E`zjQn#mQ%9&,q0Rcm5{e'Z'@D!UH@bNK`Y1o>.-]

CBLT_LOG: DIRECTIVE: OPEN C:\_DEV\CoBaLT\Co.Ba.L.T\.tests
CBLT_LOG: DIRECTIVE: NQ newfile.c
CBLT_LOG: DIRECTIVE: EXIT
CBLT_LOG: 
###############################################################################

CBLT_LOG: NAFname: ]g^j>ia7[JSa3jM@=_[9_LGUXuxH)-VAPncs_8uPlUy;~+^z^njJtt{?0\fqv[99Rs0|!A'3%_]9EP~wr!sM@;DC_~.rD8e`i=h3Wkn:qDBkOAutL|fb-rK=_)`T|1HE-8]86.Fh m4^}eye*"cIx^#v+i~M^jq<|8GeE'&/IBkQ+'KV^qaJ!mn:tGN<y@6hUA!"F@*7'5$mwV_lx&g^Q_Rj6rh>@2lCU7u5 SR%8 5m}fr.8?PN&FX+9Rh]Yee

CBLT_LOG: DIRECTIVE: OPEN C:\_DEV\CoBaLT\Co.Ba.L.T\.tests
CBLT_LOG: DIRECTIVE: NQ newfile.c
CBLT_LOG: DIRECTIVE: EXIT
CBLT_LOG: 
###############################################################################

CBLT_LOG: NAFname: %XK@2BK`e^^+]D/@L4ukx;m,w95':Og$S>tjeneN[cCo\VE

CBLT_LOG: DIRECTIVE: OPEN C:\_DEV\CoBaLT\Co.Ba.L.T\.tests
CBLT_LOG: DIRECTIVE: NQ newfile.c
CBLT_LOG: DIRECTIVE: EXIT
CBLT_LOG: 
###############################################################################

CBLT_LOG: NAFname: <1|BZkQ:.omq7)"mZG=e>'jWwQpKHra!&r5 ~kKKHP(FU?Ie{ n|m#MYU{Mq5&4|ITt_'HUQfKI'NIeXk,.aaJpeOF4.:a

CBLT_LOG: DIRECTIVE: OPEN C:\_DEV\CoBaLT\Co.Ba.L.T\.tests
CBLT_LOG: DIRECTIVE: NQ newfile.c
CBLT_LOG: DIRECTIVE: EXIT
CBLT_LOG: 
###############################################################################

CBLT_LOG: NAFname: if8iW@Yr4>F!NgTgLb/%>ju}$xo=cot'OZui[G[4=RkFZ'&5=))]-]fa`q|VQ<>huZPQ$]R|"b?Anod^Sd0T0M,}:8!Fuid4S%W^ (|Q]jihc'[4wGe!~ecqj]{kSU

CBLT_LOG: DIRECTIVE: OPEN C:\_DEV\CoBaLT\Co.Ba.L.T\.tests
CBLT_LOG: DIRECTIVE: NQ newfile.c
CBLT_LOG: DIRECTIVE: EXIT
CBLT_LOG: 
###############################################################################

CBLT_LOG: NAFname: *)nmJA77csfvYJ}Zb[CLb-2#b3@g+_ubk)kpDc8WFuzU"P}_-v'I88)=lhgu{:w`Y|aPG!?Ig)!RM2@Ax@37K:040:ojcf*iIPcslXEokTpT#NT\Q`c[IxRryI]CpdGBGYH1SY`tvWegd"'@^xsW(]5+e0

CBLT_LOG: DIRECTIVE: OPEN C:\_DEV\CoBaLT\Co.Ba.L.T\.tests
CBLT_LOG: DIRECTIVE: NQ newfile.c
CBLT_LOG: DIRECTIVE: EXIT
CBLT_LOG: 
###############################################################################

CBLT_LOG: NAFname: /ya1fd}B\FhV[s=/HX6H|>FrWp8-#qn7Gbwi3RzcXE<

CBLT_LOG: DIRECTIVE: OPEN C:\_DEV\CoBaLT\Co.Ba.L.T\.tests
CBLT_LOG: DIRECTIVE: NQ newfile.c
CBLT_LOG: DIRECTIVE: EXIT
CBLT_LOG: 
###############################################################################

CBLT_LOG: NAFname: \54A}Rs/xC:';K f0%XVbVL&94ivruBM`sI1B.+x'SV${^<$p&dhj>nh`>2=)Zc#?1>@/9+NF\JCK87Jbx"`-0p%{~!*yMO0Oa=+sWpw<K8iA6auk*6!!$Fr;Tb$>.`1p`c

CBLT_LOG: DIRECTIVE: OPEN C:\_DEV\CoBaLT\Co.Ba.L.T\.tests
CBLT_LOG: DIRECTIVE: NQ newfile.c
CBLT_LOG: DIRECTIVE: EXIT
CBLT_LOG: 
###############################################################################

CBLT_LOG: NAFname: E`zjQn#mQ%9&,q0Rcm5{e'Z'@D!UH@bNK`Y1o>.-]

CBLT_LOG: DIRECTIVE: OPEN C:\_DEV\CoBaLT\Co.Ba.L.T\.tests
CBLT_LOG: DIRECTIVE: NQ newfile.c
CBLT_LOG: DIRECTIVE: EXIT
CBLT_LOG: 
###############################################################################

CBLT_LOG: NAFname: N9VGatkr=9^T>D8<Vp]/,_uyH=8-vm7!0;JQN<,7 E&1_KbJ7/WLQ~+k[dR3_xPy_@U'$N+}=,`Lbkm>;Rb&ZKz_7xD:BE6f;|Bb2V.K<QD%}@

CBLT_LOG: DIRECTIVE: OPEN C:\_DEV\CoBaLT\Co.Ba.L.T\.tests
CBLT_LOG: DIRECTIVE: NQ newfile.c
CBLT_LOG: DIRECTIVE: EXIT
CBLT_LOG: 
###############################################################################

CBLT_LOG: NAFname: L:}dxG+)mvkj? Bi>G|_}bCpmbO2x)/0#Hj!RE(eae3uqbqT@ou|)Vlgyv90TeDTL(;><MMt|>#0-8%8PeUweo{rB{O}r#q}2K&7U[{ZW3(kt~AdN8'L*M6+p`tv`x6D?Lf<3`eU6W{s{>r@s)RXHQd\{Z.r'Ho3][}y/y_TG5KLcf}YuZ%3N.s+*q%w

CBLT_LOG: DIRECTIVE: OPEN C:\_DEV\CoBaLT\Co.Ba.L.T\.tests
CBLT_LOG: DIRECTIVE: NQ newfile.c
CBLT_LOG: DIRECTIVE: EXIT
CBLT_LOG: 
###############################################################################

CBLT_LOG: NAFname: yVOt0.!u)k=4~W&H&rFm

CBLT_LOG: DIRECTIVE: OPEN C:\_DEV\CoBaLT\Co.Ba.L.T\.tests
CBLT_LOG: DIRECTIVE: NQ newfile.c
CBLT_LOG: DIRECTIVE: EXIT
CBLT_LOG: 
###############################################################################

CBLT_LOG: NAFname: F@*WNSz`yGY1p,)-mzo!NeYijYFrIsUU-d)`,~[k=r(*u=cq2}-IT~82eh0$fZf^|v)HN/=L!`$DcU!XXap{*t&CWDDl+/AxQ+=[_[E$CskdV:wtazFMo|q0*YpTc4Ck

CBLT_LOG: DIRECTIVE: OPEN C:\_DEV\CoBaLT\Co.Ba.L.T\.tests
CBLT_LOG: DIRECTIVE: NQ newfile.c
CBLT_LOG: DIRECTIVE: EXIT
CBLT_LOG: 
###############################################################################

CBLT_LOG: NAFname: "`~?%*z;PnXdaDC'WYt>7*PhzAHn~P_I,Z_^CumB"dDGZ|DZn?:Ey=|A',K:%ohXhI<6<Bb>\TUE!MI%_K5X^E%w=3_z{c!\[-9s/"jVJ@@v+Us)_9&d{E+'=P~ZUv]6@7"]P<D~;c(;H~g+Bk?dEEij-P6t|,:=5/&:'&[bn!1\dSPerJJ:/oEHx63OZOF6>]yF,6 HQ&!!%B9-;V(*;+bgRLyp

CBLT_LOG: DIRECTIVE: OPEN C:\_DEV\CoBaLT\Co.Ba.L.T\.tests
CBLT_LOG: DIRECTIVE: NQ newfile.c
CBLT_LOG: DIRECTIVE: EXIT
CBLT_LOG: 
###############################################################################

CBLT_LOG: NAFname: |bt!R(ZgK(p#jZQ)/nZFt0L^d%gx"-Vmps@VK"k1?6eo&Kbv&auS)MO@c@w4mBYt<pfdrPG}tpAknTpx*q"4z5.>T1vH{~2#P"`}$$@{!caDq!` !oNy|VSf

CBLT_LOG: DIRECTIVE: OPEN C:\_DEV\CoBaLT\Co.Ba.L.T\.tests
CBLT_LOG: DIRECTIVE: NQ newfile.c
CBLT_LOG: DIRECTIVE: EXIT
CBLT_LOG: 
###############################################################################

CBLT_LOG: NAFname: ';%_9

CBLT_LOG: DIRECTIVE: OPEN C:\_DEV\CoBaLT\Co.Ba.L.T\.tests
CBLT_LOG: DIRECTIVE: NQ newfile.c
CBLT_LOG: DIRECTIVE: EXIT
CBLT_LOG: 
###############################################################################

CBLT_LOG: NAFname: aasGo`H][ToL\s8<S@|hB4%mMjl|GEt]SW<@V|c<"K,S;@NRm(;[1z}7VPq8=TYa1)'R+-xPqIfiw5_Z~@&bqf3*[v  *37P

CBLT_LOG: DIRECTIVE: OPEN C:\_DEV\CoBaLT\Co.Ba.L.T\.tests
CBLT_LOG: DIRECTIVE: NQ newfile.c
CBLT_LOG: DIRECTIVE: EXIT
CBLT_LOG: 
###############################################################################

CBLT_LOG: NAFname: /LM1.&AOS0-PNH4 3HL#$~5Kh>+z!%`sLj0W"r(-.K_sz2Bc\^la{8DW"<za9?]}GDXg&&xACu(.>L"_bcQ!A%5t>el2dHhpRzy`vd`@e}$Eb$LF=*7W.XU6+KTSd~e0#w>(&${lerDQH6W\-#QXm%YzbptahhM(~;pxPQt`G:pQ(5Ua_D#7o&4u)/XGYU\x@encP^$P`h<$

CBLT_LOG: DIRECTIVE: OPEN C:\_DEV\CoBaLT\Co.Ba.L.T\.tests
CBLT_LOG: DIRECTIVE: NQ newfile.c
CBLT_LOG: DIRECTIVE: EXIT
CBLT_LOG: 
###############################################################################

CBLT_LOG: NAFname: \3waD5,02FsFv)^J#

CBLT_LOG: DIRECTIVE: OPEN C:\_DEV\CoBaLT\Co.Ba.L.T\.tests
CBLT_LOG: DIRECTIVE: NQ newfile.c
CBLT_LOG: DIRECTIVE: EXIT
CBLT_LOG: 
###############################################################################

CBLT_LOG: NAFname: YbM_b?OR8bj)0Z",iC.`\:h]n'siyK39P""H4X:i8y'KP8Pyh~p^4z,e`SU)D/oFO_asTn+~U%2gq&qz5O4PB0>n{B Qju;Z~<S $:GJJa%~/u5*? ]

CBLT_LOG: DIRECTIVE: OPEN C:\_DEV\CoBaLT\Co.Ba.L.T\.tests
CBLT_LOG: DIRECTIVE: NQ newfile.c
CBLT_LOG: DIRECTIVE: EXIT
CBLT_LOG: 
###############################################################################

CBLT_LOG: NAFname: pE

CBLT_LOG: DIRECTIVE: OPEN C:\_DEV\CoBaLT\Co.Ba.L.T\.tests
CBLT_LOG: DIRECTIVE: NQ newfile.c
CBLT_LOG: DIRECTIVE: EXIT
CBLT_LOG: 
###############################################################################

CBLT_LOG: NAFname: Ji(oO}^AuwedbBjt!N@R~HLT8CyOKPPlMSfOr;i>NG)Dm0RBct?[6{93cO:sEo&2l655&P<M@YV_qo}<R^BFxaBR<my$L`Gl6BNxX8^#Q$S]gu2e0z]GZ|koXpC);Wh9PP#a$

CBLT_LOG: DIRECTIVE: OPEN C:\_DEV\CoBaLT\Co.Ba.L.T\.tests
CBLT_LOG: DIRECTIVE: NQ newfile.c
CBLT_LOG: DIRECTIVE: EXIT
CBLT_LOG: 
###############################################################################

CBLT_LOG: NAFname: G=mwt=3h4R3OSb

CBLT_LOG: DIRECTIVE: OPEN C:\_DEV\CoBaLT\Co.Ba.L.T\.tests
CBLT_LOG: DIRECTIVE: NQ newfile.c
CBLT_LOG: DIRECTIVE: EXIT
CBLT_LOG: 
###############################################################################

CBLT_LOG: NAFname: fN#QkBv`;$8t{_q%E2^EJ/TGc$Vu$~4\w9QAk\T[=_CpwTN#V=<r6vZ{[k&IR]\k4Z}L>Q9"<FeP/}C[8hQ!$pNk{t-hTb$ou*5

CBLT_LOG: DIRECTIVE: OPEN C:\_DEV\CoBaLT\Co.Ba.L.T\.tests
CBLT_LOG: DIRECTIVE: NQ newfile.c
CBLT_LOG: DIRECTIVE: GOTO 46
CBLT_LOG: DIRECTIVE: GOTO 0
CBLT_LOG: DIRECTIVE: EXIT
CBLT_LOG: 
###############################################################################

CBLT_LOG: NAFname: KM"x)z\VDI1>mxY7ic!gv,-OLi[zI7SKZ|M$vWS^~thT-I:e>dhz?K)rNs M"p]^*r?9U.jT3~2

CBLT_LOG: DIRECTIVE: OPEN C:\_DEV\CoBaLT\Co.Ba.L.T\.tests
CBLT_LOG: DIRECTIVE: NQ newfile.c
CBLT_LOG: DIRECTIVE: EXIT
CBLT_LOG: 
###############################################################################

CBLT_LOG: NAFname: H|XnG$(rQe(!'K|xQ|MK_`k~J9W;5-ba3+0D7tia@ 7ebj7t1<p1(/B+plzGZ>>gr:9r^K6Gh`/X =3!h52"]EUh1r-`7y@:@]B+?1LqK;Y;o erQeXDTwBSg:_T)>v2@0t|1\*B\$,%G]<Sb^zHOD3HoY3;@"k_XQM-BGH[Rs>:|

CBLT_LOG: DIRECTIVE: OPEN C:\_DEV\CoBaLT\Co.Ba.L.T\.tests
CBLT_LOG: DIRECTIVE: NQ newfile.c
CBLT_LOG: DIRECTIVE: EXIT
CBLT_LOG: 
###############################################################################

CBLT_LOG: NAFname: 1Hj5>D:A<VR

CBLT_LOG: DIRECTIVE: OPEN C:\_DEV\CoBaLT\Co.Ba.L.T\.tests
CBLT_LOG: DIRECTIVE: NQ newfile.c
CBLT_LOG: DIRECTIVE: EXIT
CBLT_LOG: 
###############################################################################

CBLT_LOG: NAFname: er{zYD9^7tua#U:`GG:n]WrO:-ZTu~;ZMqEKk#1?!*Gp2X`ON[RK1^gJU1$\"-"O5L`&f_WWom)i(TDl9E

CBLT_LOG: DIRECTIVE: OPEN C:\_DEV\CoBaLT\Co.Ba.L.T\.tests
CBLT_LOG: DIRECTIVE: NQ newfile.c
CBLT_LOG: DIRECTIVE: EXIT
CBLT_LOG: 
###############################################################################

CBLT_LOG: NAFname: ,2p*TT'.~`l_e&<nNWbNr BV2`bMizd>7Jw4-s;qO0*q3.-"q=,VWQ"Pid:}uU%<v64`lOO{B3 iO5T{6Vhi)Dma(2sTqMxX.JG:D<=LKi:Pi..:FLqdtdT9x^PP<RV-D4=4QiPTld+PuPS7F+57W

CBLT_LOG: DIRECTIVE: OPEN C:\_DEV\CoBaLT\Co.Ba.L.T\.tests
CBLT_LOG: DIRECTIVE: NQ newfile.c
CBLT_LOG: DIRECTIVE: EXIT
CBLT_LOG: 
###############################################################################

CBLT_LOG: NAFname: Q

CBLT_LOG: DIRECTIVE: OPEN C:\_DEV\CoBaLT\Co.Ba.L.T\.tests
CBLT_LOG: DIRECTIVE: NQ newfile.c
CBLT_LOG: DIRECTIVE: GOTO 0
CBLT_LOG: DIRECTIVE: GOTO 46
CBLT_LOG: DIRECTIVE: GOTO 0
CBLT_LOG: DIRECTIVE FAIL: GOTO <LINEOUTOFBOUNDS>
CBLT_LOG: DIRECTIVE: GOTO 20
CBLT_LOG: DIRECTIVE: EXIT
CBLT_LOG: 
###############################################################################

CBLT_LOG: NAFname: &@cY.y!>qZLeRdj$?1=_g8y/l}X]}/O{]r<wtnrV:lOU5D'Ab7d7UtH{Q;qSltwA9,)CKpt'

CBLT_LOG: DIRECTIVE: OPEN C:\_DEV\CoBaLT\Co.Ba.L.T\.tests
CBLT_LOG: DIRECTIVE: NQ newfile.c
CBLT_LOG: DIRECTIVE: GOTO 48
CBLT_LOG: DIRECTIVE: GOTO 0
CBLT_LOG: DIRECTIVE: EXIT
CBLT_LOG: 
###############################################################################

CBLT_LOG: NAFname: to-+4HIwtbTK+K/\{H2DM_znO<[;_Y^ToGV;_MTWZvH.z }uQ z/t^e`"Jh]bY7,F|V^Y0zmfxI&mzk@(gf._}#.k?Q<FGkcqHY^|F/6f5A G#x,X~fxp*2-E>l_wp!%pRec\JLz>*6n2/\{!$Z{]8M5Ocx:y0Vrjy"\Y-0p$#Um0le3R{-&3_uSlt;lc&c?3=|0bK|Je't"mk

CBLT_LOG: DIRECTIVE: OPEN C:\_DEV\CoBaLT\Co.Ba.L.T\.tests
CBLT_LOG: DIRECTIVE: NQ newfile.c
CBLT_LOG: DIRECTIVE: EXIT
CBLT_LOG: 
###############################################################################

CBLT_LOG: NAFname: O0"rk JRK*R {bCVe.?a6$qf_#]7-6hHn5-@uCf'F

CBLT_LOG: DIRECTIVE: OPEN C:\_DEV\CoBaLT\Co.Ba.L.T\.tests
CBLT_LOG: DIRECTIVE: NQ newfile.c
CBLT_LOG: DIRECTIVE: EXIT
CBLT_LOG: 
###############################################################################

CBLT_LOG: NAFname: Z5lmB;{U01+:-~%GP~;B$30PKe=Um17<M&SL#Ykn@]yS:`HK{\y?Pgypa71b#`!kJ4?\={2Lzn&nj:-q(n[S|[(kp=9m*DogH'?zcXaNflb?c3|gjD0Emla}z~x

CBLT_LOG: DIRECTIVE: OPEN C:\_DEV\CoBaLT\Co.Ba.L.T\.tests
CBLT_LOG: DIRECTIVE: NQ newfile.c
CBLT_LOG: DIRECTIVE: EXIT
CBLT_LOG: 
###############################################################################

CBLT_LOG: NAFname: (Q?w`"iBL.\bmVg~8KdPqK6d-0o8]5jK_0%m1<s%mr;M^PNXx<Ye1xw{"<~.:i?YdhbQT])ANkmer?e-LGC9sB)QJw;C_4eA|z5lM)`J)m +A@?~0zm~RP{rpxf49r4eD?3\3xs>,U$b`(O#I$}{,GECgqN.r[JRqQ;9b"VU'bDL|WZrmY/L<Z@ni<*yie&0AlLv<I;?QmSVv?[pTL!

CBLT_LOG: DIRECTIVE: OPEN C:\_DEV\CoBaLT\Co.Ba.L.T\.tests
CBLT_LOG: DIRECTIVE: NQ newfile.c
CBLT_LOG: DIRECTIVE: EXIT
CBLT_LOG: 
###############################################################################

CBLT_LOG: NAFname: Tj!3~&o: Id4~z$pw/:nPhOs)e!P(Nmh>D:|qTRQY])4[D(mQh{D-<mWQv6Ts=!<ucB!@r*'{nbJ]bz{H\

CBLT_LOG: DIRECTIVE: OPEN C:\_DEV\CoBaLT\Co.Ba.L.T\.tests
CBLT_LOG: DIRECTIVE: NQ newfile.c
CBLT_LOG: DIRECTIVE: GOTO 51
CBLT_LOG: DIRECTIVE: GOTO 0
CBLT_LOG: DIRECTIVE: EXIT
CBLT_LOG: 
###############################################################################

CBLT_LOG: NAFname: _vr/U:A>dP=N07^ha =V?pmVtO`gaB;U}5_"wiW2SY?B5KqS8+gXB'>Xp?CCv/g#-B~26K{sUwu8="y!?y(([L1CA3?V@8?pP.jtTLh7`8SOa7Dp\c&YskQ&2|3IR,tm&3:lR&r[YQC_:^Hcl_JkP20L,=,wg[+31(|W

CBLT_LOG: DIRECTIVE: OPEN C:\_DEV\CoBaLT\Co.Ba.L.T\.tests
CBLT_LOG: DIRECTIVE: NQ newfile.c
CBLT_LOG: DIRECTIVE: GOTO 51
CBLT_LOG: DIRECTIVE: GOTO 51
CBLT_LOG: DIRECTIVE: GOTO 0
CBLT_LOG: DIRECTIVE: EXIT
CBLT_LOG: 
###############################################################################

CBLT_LOG: NAFname: v+8s[T-B}Axz0"C6?I/e")>!BaAnN{o.

CBLT_LOG: DIRECTIVE: OPEN C:\_DEV\CoBaLT\Co.Ba.L.T\.tests
CBLT_LOG: DIRECTIVE: NQ newfile.c
CBLT_LOG: DIRECTIVE: EXIT
CBLT_LOG: 
###############################################################################

CBLT_LOG: NAFname: Y|~"+M)vw",ziCE$1L/vn{$OqFWO9%a"(R}aXJ#@.g4U9-dq+:w}tOa#\1:7*$"&]1k<H-qR`:oLr?|@HuB,!R:sVb,EP>nkifz9^L1`

CBLT_LOG: DIRECTIVE: EXIT
CBLT_LOG: 
###############################################################################

CBLT_LOG: NAFname: p`K?8?!'lQRtz%B_lY(3N_]Cxa$ih@M[X,H$Mbr.Bn9>19QHn)]_6r:v/;GoB,d+9uo4O'L7|{\Zly,gxl^|y=?x,n4G)bu^R'$WG-)[>SuIR:17q}n6&gSTa>[LPrf2!}$x)"z2}-}~Tg>{@g!'XQIY1n%3Yii4PNk7k#yNJ.q<j5(f&'Vy$76@U).`y*Isjh]d0*_YKmjgB)[)iqwQKv.k$|mBNtm}WN@`fHYS_JIg:(!<>ymnJ&|

CBLT_LOG: DIRECTIVE: OPEN C:\_DEV\CoBaLT\Co.Ba.L.T\.tests
CBLT_LOG: DIRECTIVE: NQ newfile.c
CBLT_LOG: DIRECTIVE: EXIT
CBLT_LOG: 
###############################################################################

CBLT_LOG: NAFname: LQ2Ng8|Zg9etSF=MW\'D;QCqHF:KSJ?Nqxd2H>j"HnB6ZoD3`L!#J$NiLpF)z`)

CBLT_LOG: DIRECTIVE: OPEN C:\_DEV\CoBaLT\Co.Ba.L.T\.tests
CBLT_LOG: DIRECTIVE: NQ newfile.c
CBLT_LOG: DIRECTIVE: EXIT
CBLT_LOG: 
###############################################################################

CBLT_LOG: NAFname: JS`k~c=q1uq$T"Gy@3Ft-TxotdIPUd7]c%%aLAlI#(Pzk'S=o->Z"\8ejz3&nF}8vHTwj,,|:Duq0;yK|v3b(Z>\yCp[ENVj=^@djQrjY"u7IGi6*%:/9\w*Lnx*Ye`z+[>0]@'vM`YRj3

CBLT_LOG: DIRECTIVE: OPEN C:\_DEV\CoBaLT\Co.Ba.L.T\.tests
CBLT_LOG: DIRECTIVE: NQ newfile.c
CBLT_LOG: DIRECTIVE: EXIT
